Archive member included to satisfy reference by file (symbol)

c:/program files (x86)/st/stm32cubeide_1.7.0/stm32cubeide/plugins/com.st.stm32cube.ide.mcu.externaltools.gnu-tools-for-stm32.9-2020-q2-update.win32_2.0.0.202105311346/tools/bin/../lib/gcc/arm-none-eabi/9.3.1/../../../../arm-none-eabi/lib/thumb/v7-m/nofp\libc_nano.a(lib_a-errno.o)
                              ./Core/Src/syscalls.o (__errno)
c:/program files (x86)/st/stm32cubeide_1.7.0/stm32cubeide/plugins/com.st.stm32cube.ide.mcu.externaltools.gnu-tools-for-stm32.9-2020-q2-update.win32_2.0.0.202105311346/tools/bin/../lib/gcc/arm-none-eabi/9.3.1/../../../../arm-none-eabi/lib/thumb/v7-m/nofp\libc_nano.a(lib_a-exit.o)
                              c:/program files (x86)/st/stm32cubeide_1.7.0/stm32cubeide/plugins/com.st.stm32cube.ide.mcu.externaltools.gnu-tools-for-stm32.9-2020-q2-update.win32_2.0.0.202105311346/tools/bin/../lib/gcc/arm-none-eabi/9.3.1/../../../../arm-none-eabi/lib/thumb/v7-m/nofp/crt0.o (exit)
c:/program files (x86)/st/stm32cubeide_1.7.0/stm32cubeide/plugins/com.st.stm32cube.ide.mcu.externaltools.gnu-tools-for-stm32.9-2020-q2-update.win32_2.0.0.202105311346/tools/bin/../lib/gcc/arm-none-eabi/9.3.1/../../../../arm-none-eabi/lib/thumb/v7-m/nofp\libc_nano.a(lib_a-impure.o)
                              c:/program files (x86)/st/stm32cubeide_1.7.0/stm32cubeide/plugins/com.st.stm32cube.ide.mcu.externaltools.gnu-tools-for-stm32.9-2020-q2-update.win32_2.0.0.202105311346/tools/bin/../lib/gcc/arm-none-eabi/9.3.1/../../../../arm-none-eabi/lib/thumb/v7-m/nofp\libc_nano.a(lib_a-exit.o) (_global_impure_ptr)
c:/program files (x86)/st/stm32cubeide_1.7.0/stm32cubeide/plugins/com.st.stm32cube.ide.mcu.externaltools.gnu-tools-for-stm32.9-2020-q2-update.win32_2.0.0.202105311346/tools/bin/../lib/gcc/arm-none-eabi/9.3.1/../../../../arm-none-eabi/lib/thumb/v7-m/nofp\libc_nano.a(lib_a-init.o)
                              c:/program files (x86)/st/stm32cubeide_1.7.0/stm32cubeide/plugins/com.st.stm32cube.ide.mcu.externaltools.gnu-tools-for-stm32.9-2020-q2-update.win32_2.0.0.202105311346/tools/bin/../lib/gcc/arm-none-eabi/9.3.1/../../../../arm-none-eabi/lib/thumb/v7-m/nofp/crt0.o (__libc_init_array)
c:/program files (x86)/st/stm32cubeide_1.7.0/stm32cubeide/plugins/com.st.stm32cube.ide.mcu.externaltools.gnu-tools-for-stm32.9-2020-q2-update.win32_2.0.0.202105311346/tools/bin/../lib/gcc/arm-none-eabi/9.3.1/../../../../arm-none-eabi/lib/thumb/v7-m/nofp\libc_nano.a(lib_a-malloc.o)
                              ./Core/Src/scheduler.o (malloc)
c:/program files (x86)/st/stm32cubeide_1.7.0/stm32cubeide/plugins/com.st.stm32cube.ide.mcu.externaltools.gnu-tools-for-stm32.9-2020-q2-update.win32_2.0.0.202105311346/tools/bin/../lib/gcc/arm-none-eabi/9.3.1/../../../../arm-none-eabi/lib/thumb/v7-m/nofp\libc_nano.a(lib_a-memset.o)
                              c:/program files (x86)/st/stm32cubeide_1.7.0/stm32cubeide/plugins/com.st.stm32cube.ide.mcu.externaltools.gnu-tools-for-stm32.9-2020-q2-update.win32_2.0.0.202105311346/tools/bin/../lib/gcc/arm-none-eabi/9.3.1/../../../../arm-none-eabi/lib/thumb/v7-m/nofp/crt0.o (memset)
c:/program files (x86)/st/stm32cubeide_1.7.0/stm32cubeide/plugins/com.st.stm32cube.ide.mcu.externaltools.gnu-tools-for-stm32.9-2020-q2-update.win32_2.0.0.202105311346/tools/bin/../lib/gcc/arm-none-eabi/9.3.1/../../../../arm-none-eabi/lib/thumb/v7-m/nofp\libc_nano.a(lib_a-nano-freer.o)
                              c:/program files (x86)/st/stm32cubeide_1.7.0/stm32cubeide/plugins/com.st.stm32cube.ide.mcu.externaltools.gnu-tools-for-stm32.9-2020-q2-update.win32_2.0.0.202105311346/tools/bin/../lib/gcc/arm-none-eabi/9.3.1/../../../../arm-none-eabi/lib/thumb/v7-m/nofp\libc_nano.a(lib_a-malloc.o) (_free_r)
c:/program files (x86)/st/stm32cubeide_1.7.0/stm32cubeide/plugins/com.st.stm32cube.ide.mcu.externaltools.gnu-tools-for-stm32.9-2020-q2-update.win32_2.0.0.202105311346/tools/bin/../lib/gcc/arm-none-eabi/9.3.1/../../../../arm-none-eabi/lib/thumb/v7-m/nofp\libc_nano.a(lib_a-nano-mallocr.o)
                              c:/program files (x86)/st/stm32cubeide_1.7.0/stm32cubeide/plugins/com.st.stm32cube.ide.mcu.externaltools.gnu-tools-for-stm32.9-2020-q2-update.win32_2.0.0.202105311346/tools/bin/../lib/gcc/arm-none-eabi/9.3.1/../../../../arm-none-eabi/lib/thumb/v7-m/nofp\libc_nano.a(lib_a-malloc.o) (_malloc_r)
c:/program files (x86)/st/stm32cubeide_1.7.0/stm32cubeide/plugins/com.st.stm32cube.ide.mcu.externaltools.gnu-tools-for-stm32.9-2020-q2-update.win32_2.0.0.202105311346/tools/bin/../lib/gcc/arm-none-eabi/9.3.1/../../../../arm-none-eabi/lib/thumb/v7-m/nofp\libc_nano.a(lib_a-sbrkr.o)
                              c:/program files (x86)/st/stm32cubeide_1.7.0/stm32cubeide/plugins/com.st.stm32cube.ide.mcu.externaltools.gnu-tools-for-stm32.9-2020-q2-update.win32_2.0.0.202105311346/tools/bin/../lib/gcc/arm-none-eabi/9.3.1/../../../../arm-none-eabi/lib/thumb/v7-m/nofp\libc_nano.a(lib_a-nano-mallocr.o) (_sbrk_r)
[...]
Memory Configuration

Name             Origin             Length             Attributes
RAM              0x0000000020000000 0x0000000000005000 xrw
FLASH            0x0000000008000000 0x0000000000020000 xr
*default*        0x0000000000000000 0xffffffffffffffff

Linker script and memory map

LOAD c:/program files (x86)/st/stm32cubeide_1.7.0/stm32cubeide/plugins/com.st.stm32cube.ide.mcu.externaltools.gnu-tools-for-stm32.9-2020-q2-update.win32_2.0.0.202105311346/tools/bin/../lib/gcc/arm-none-eabi/9.3.1/thumb/v7-m/nofp/crti.o
LOAD c:/program files (x86)/st/stm32cubeide_1.7.0/stm32cubeide/plugins/com.st.stm32cube.ide.mcu.externaltools.gnu-tools-for-stm32.9-2020-q2-update.win32_2.0.0.202105311346/tools/bin/../lib/gcc/arm-none-eabi/9.3.1/thumb/v7-m/nofp/crtbegin.o
LOAD c:/program files (x86)/st/stm32cubeide_1.7.0/stm32cubeide/plugins/com.st.stm32cube.ide.mcu.externaltools.gnu-tools-for-stm32.9-2020-q2-update.win32_2.0.0.202105311346/tools/bin/../lib/gcc/arm-none-eabi/9.3.1/../../../../arm-none-eabi/lib/thumb/v7-m/nofp/crt0.o
LOAD ./Core/Src/button.o
LOAD ./Core/Src/fsm_auto.o
LOAD ./Core/Src/fsm_pedestrian.o
LOAD ./Core/Src/fsm_tuning.o
LOAD ./Core/Src/global.o
LOAD ./Core/Src/led_control.o
LOAD ./Core/Src/main.o
LOAD ./Core/Src/scheduler.o
LOAD ./Core/Src/software_timer.o
LOAD ./Core/Src/stm32f1xx_hal_msp.o
LOAD ./Core/Src/stm32f1xx_it.o
LOAD ./Core/Src/syscalls.o
LOAD ./Core/Src/sysmem.o
LOAD ./Core/Src/system_stm32f1xx.o
LOAD ./Core/Startup/startup_stm32f103rbtx.o
LOAD ./Drivers/STM32F1xx_HAL_Driver/Src/stm32f1xx_hal.o
LOAD ./Drivers/STM32F1xx_HAL_Driver/Src/stm32f1xx_hal_cortex.o
LOAD ./Drivers/STM32F1xx_HAL_Driver/Src/stm32f1xx_hal_dma.o
LOAD ./Drivers/STM32F1xx_HAL_Driver/Src/stm32f1xx_hal_exti.o
LOAD ./Drivers/STM32F1xx_HAL_Driver/Src/stm32f1xx_hal_flash.o
LOAD ./Drivers/STM32F1xx_HAL_Driver/Src/stm32f1xx_hal_flash_ex.o
LOAD ./Drivers/STM32F1xx_HAL_Driver/Src/stm32f1xx_hal_gpio.o
LOAD ./Drivers/STM32F1xx_HAL_Driver/Src/stm32f1xx_hal_gpio_ex.o
LOAD ./Drivers/STM32F1xx_HAL_Driver/Src/stm32f1xx_hal_pwr.o
LOAD ./Drivers/STM32F1xx_HAL_Driver/Src/stm32f1xx_hal_rcc.o
LOAD ./Drivers/STM32F1xx_HAL_Driver/Src/stm32f1xx_hal_rcc_ex.o
LOAD ./Drivers/STM32F1xx_HAL_Driver/Src/stm32f1xx_hal_tim.o
LOAD ./Drivers/STM32F1xx_HAL_Driver/Src/stm32f1xx_hal_tim_ex.o
LOAD ./Drivers/STM32F1xx_HAL_Driver/Src/stm32f1xx_hal_uart.o
START GROUP
LOAD c:/program files (x86)/st/stm32cubeide_1.7.0/stm32cubeide/plugins/com.st.stm32cube.ide.mcu.externaltools.gnu-tools-for-stm32.9-2020-q2-update.win32_2.0.0.202105311346/tools/bin/../lib/gcc/arm-none-eabi/9.3.1/../../../../arm-none-eabi/lib/thumb/v7-m/nofp\libc_nano.a
LOAD c:/program files (x86)/st/stm32cubeide_1.7.0/stm32cubeide/plugins/com.st.stm32cube.ide.mcu.externaltools.gnu-tools-for-stm32.9-2020-q2-update.win32_2.0.0.202105311346/tools/bin/../lib/gcc/arm-none-eabi/9.3.1/../../../../arm-none-eabi/lib/thumb/v7-m/nofp\libm.a
END GROUP
START GROUP
LOAD c:/program files (x86)/st/stm32cubeide_1.7.0/stm32cubeide/plugins/com.st.stm32cube.ide.mcu.externaltools.gnu-tools-for-stm32.9-2020-q2-update.win32_2.0.0.202105311346/tools/bin/../lib/gcc/arm-none-eabi/9.3.1/thumb/v7-m/nofp\libgcc.a
LOAD c:/program files (x86)/st/stm32cubeide_1.7.0/stm32cubeide/plugins/com.st.stm32cube.ide.mcu.externaltools.gnu-tools-for-stm32.9-2020-q2-update.win32_2.0.0.202105311346/tools/bin/../lib/gcc/arm-none-eabi/9.3.1/../../../../arm-none-eabi/lib/thumb/v7-m/nofp\libc_nano.a
END GROUP
START GROUP
LOAD c:/program files (x86)/st/stm32cubeide_1.7.0/stm32cubeide/plugins/com.st.stm32cube.ide.mcu.externaltools.gnu-tools-for-stm32.9-2020-q2-update.win32_2.0.0.202105311346/tools/bin/../lib/gcc/arm-none-eabi/9.3.1/thumb/v7-m/nofp\libgcc.a
LOAD c:/program files (x86)/st/stm32cubeide_1.7.0/stm32cubeide/plugins/com.st.stm32cube.ide.mcu.externaltools.gnu-tools-for-stm32.9-2020-q2-update.win32_2.0.0.202105311346/tools/bin/../lib/gcc/arm-none-eabi/9.3.1/../../../../arm-none-eabi/lib/thumb/v7-m/nofp\libc_nano.a
LOAD c:/program files (x86)/st/stm32cubeide_1.7.0/stm32cubeide/plugins/com.st.stm32cube.ide.mcu.externaltools.gnu-tools-for-stm32.9-2020-q2-update.win32_2.0.0.202105311346/tools/bin/../lib/gcc/arm-none-eabi/9.3.1/../../../../arm-none-eabi/lib/thumb/v7-m/nofp\libnosys.a
END GROUP
START GROUP
LOAD c:/program files (x86)/st/stm32cubeide_1.7.0/stm32cubeide/plugins/com.st.stm32cube.ide.mcu.externaltools.gnu-tools-for-stm32.9-2020-q2-update.win32_2.0.0.202105311346/tools/bin/../lib/gcc/arm-none-eabi/9.3.1/thumb/v7-m/nofp\libgcc.a
LOAD c:/program files (x86)/st/stm32cubeide_1.7.0/stm32cubeide/plugins/com.st.stm32cube.ide.mcu.externaltools.gnu-tools-for-stm32.9-2020-q2-update.win32_2.0.0.202105311346/tools/bin/../lib/gcc/arm-none-eabi/9.3.1/../../../../arm-none-eabi/lib/thumb/v7-m/nofp\libc_nano.a
LOAD c:/program files (x86)/st/stm32cubeide_1.7.0/stm32cubeide/plugins/com.st.stm32cube.ide.mcu.externaltools.gnu-tools-for-stm32.9-2020-q2-update.win32_2.0.0.202105311346/tools/bin/../lib/gcc/arm-none-eabi/9.3.1/../../../../arm-none-eabi/lib/thumb/v7-m/nofp\libnosys.a
END GROUP
LOAD c:/program files (x86)/st/stm32cubeide_1.7.0/stm32cubeide/plugins/com.st.stm32cube.ide.mcu.externaltools.gnu-tools-for-stm32.9-2020-q2-update.win32_2.0.0.202105311346/tools/bin/../lib/gcc/arm-none-eabi/9.3.1/thumb/v7-m/nofp/crtend.o
LOAD c:/program files (x86)/st/stm32cubeide_1.7.0/stm32cubeide/plugins/com.st.stm32cube.ide.mcu.externaltools.gnu-tools-for-stm32.9-2020-q2-update.win32_2.0.0.202105311346/tools/bin/../lib/gcc/arm-none-eabi/9.3.1/thumb/v7-m/nofp/crtn.o
                0x0000000020005000                _estack = (ORIGIN (RAM) + LENGTH (RAM))
                0x0000000000000200                _Min_Heap_Size = 0x200
                0x0000000000000400                _Min_Stack_Size = 0x400

.isr_vector     0x0000000008000000      0x10c
                0x0000000008000000                . = ALIGN (0x4)
 *(.isr_vector)
 .isr_vector    0x0000000008000000      0x10c ./Core/Startup/startup_stm32f103rbtx.o
                0x0000000008000000                g_pfnVectors
                0x000000000800010c                . = ALIGN (0x4)

.text           0x000000000800010c     0x4244
                0x000000000800010c                . = ALIGN (0x4)
 *(.text)
 .text          0x000000000800010c       0x40 c:/program files (x86)/st/stm32cubeide_1.7.0/stm32cubeide/plugins/com.st.stm32cube.ide.mcu.externaltools.gnu-tools-for-stm32.9-2020-q2-update.win32_2.0.0.202105311346/tools/bin/../lib/gcc/arm-none-eabi/9.3.1/thumb/v7-m/nofp/crtbegin.o
 *(.text*)
 .text.isButtonPressed
                0x000000000800014c       0x34 ./Core/Src/button.o
                0x000000000800014c                isButtonPressed
 .text.subKeyProcess
                0x0000000008000180       0x20 ./Core/Src/button.o
                0x0000000008000180                subKeyProcess
 .text.getKeyInput
                0x00000000080001a0      0x114 ./Core/Src/button.o
                0x00000000080001a0                getKeyInput
 .text.auto_man
                0x00000000080002b4       0x4c ./Core/Src/fsm_auto.o
                0x00000000080002b4                auto_man
 .text.man_tuning
                0x0000000008000300       0x58 ./Core/Src/fsm_auto.o
                0x0000000008000300                man_tuning
 .text.fsm_auto
                0x0000000008000358      0x444 ./Core/Src/fsm_auto.o
                0x0000000008000358                fsm_auto
 .text.fsm_manual
                0x000000000800079c       0x98 ./Core/Src/fsm_auto.o
                0x000000000800079c                fsm_manual
 .text.syncLED  0x0000000008000834       0x44 ./Core/Src/fsm_pedestrian.o
                0x0000000008000834                syncLED
 .text.fsm_pedestrian
                0x0000000008000878       0x74 ./Core/Src/fsm_pedestrian.o
                0x0000000008000878                fsm_pedestrian
 .text.buzzer   0x00000000080008ec       0x44 ./Core/Src/fsm_pedestrian.o
                0x00000000080008ec                buzzer
 .text.tuning_auto
                0x0000000008000930       0x44 ./Core/Src/fsm_tuning.o
                0x0000000008000930                tuning_auto
 .text.fsm_tuning
                0x0000000008000974      0x368 ./Core/Src/fsm_tuning.o
                0x0000000008000974                fsm_tuning
 .text.clearScreen
                0x0000000008000cdc       0x30 ./Core/Src/global.o
                0x0000000008000cdc                clearScreen
 .text.resetLED
                0x0000000008000d0c       0x3c ./Core/Src/led_control.o
                0x0000000008000d0c                resetLED
 .text.onRed1   0x0000000008000d48       0x28 ./Core/Src/led_control.o
                0x0000000008000d48                onRed1
 .text.onYellow1
                0x0000000008000d70       0x28 ./Core/Src/led_control.o
                0x0000000008000d70                onYellow1
 .text.onGreen1
                0x0000000008000d98       0x28 ./Core/Src/led_control.o
                0x0000000008000d98                onGreen1
 .text.onRed2   0x0000000008000dc0       0x20 ./Core/Src/led_control.o
                0x0000000008000dc0                onRed2
 .text.onYellow2
                0x0000000008000de0       0x20 ./Core/Src/led_control.o
                0x0000000008000de0                onYellow2
 .text.onGreen2
                0x0000000008000e00       0x20 ./Core/Src/led_control.o
                0x0000000008000e00                onGreen2
 .text.pedRed   0x0000000008000e20       0x28 ./Core/Src/led_control.o
                0x0000000008000e20                pedRed
 .text.pedGreen
                0x0000000008000e48       0x28 ./Core/Src/led_control.o
                0x0000000008000e48                pedGreen
 .text.pedReset
                0x0000000008000e70       0x28 ./Core/Src/led_control.o
                0x0000000008000e70                pedReset
 .text.main     0x0000000008000e98       0x80 ./Core/Src/main.o
                0x0000000008000e98                main
 .text.SystemClock_Config
                0x0000000008000f18       0x82 ./Core/Src/main.o
                0x0000000008000f18                SystemClock_Config
 *fill*         0x0000000008000f9a        0x2 
 .text.MX_TIM2_Init
                0x0000000008000f9c       0x98 ./Core/Src/main.o
 .text.MX_TIM3_Init
                0x0000000008001034       0xec ./Core/Src/main.o
 .text.MX_USART2_UART_Init
                0x0000000008001120       0x54 ./Core/Src/main.o
 .text.MX_GPIO_Init
                0x0000000008001174       0xdc ./Core/Src/main.o
 .text.HAL_TIM_PeriodElapsedCallback
                0x0000000008001250       0x1c ./Core/Src/main.o
                0x0000000008001250                HAL_TIM_PeriodElapsedCallback
 .text.Error_Handler
                0x000000000800126c        0xa ./Core/Src/main.o
                0x000000000800126c                Error_Handler
 *fill*         0x0000000008001276        0x2 
 .text.SCH_Find_Position
                0x0000000008001278       0xb8 ./Core/Src/scheduler.o
                0x0000000008001278                SCH_Find_Position
 .text.SCH_Add_Task
                0x0000000008001330      0x148 ./Core/Src/scheduler.o
                0x0000000008001330                SCH_Add_Task
 .text.SCH_Update
                0x0000000008001478       0x58 ./Core/Src/scheduler.o
                0x0000000008001478                SCH_Update
 .text.SCH_Dispatch_Tasks
                0x00000000080014d0       0xa4 ./Core/Src/scheduler.o
                0x00000000080014d0                SCH_Dispatch_Tasks
 .text.SCH_Delete_Task
                0x0000000008001574       0x60 ./Core/Src/scheduler.o
                0x0000000008001574                SCH_Delete_Task
 .text.setTimer
                0x00000000080015d4       0x30 ./Core/Src/software_timer.o
                0x00000000080015d4                setTimer
 .text.timer_run
                0x0000000008001604       0x50 ./Core/Src/software_timer.o
                0x0000000008001604                timer_run
 .text.timerRun
                0x0000000008001654       0x26 ./Core/Src/software_timer.o
                0x0000000008001654                timerRun
 *fill*         0x000000000800167a        0x2 
 .text.HAL_MspInit
                0x000000000800167c       0x64 ./Core/Src/stm32f1xx_hal_msp.o
                0x000000000800167c                HAL_MspInit
 .text.HAL_TIM_Base_MspInit
                0x00000000080016e0       0x70 ./Core/Src/stm32f1xx_hal_msp.o
                0x00000000080016e0                HAL_TIM_Base_MspInit
 .text.HAL_TIM_MspPostInit
                0x0000000008001750       0x64 ./Core/Src/stm32f1xx_hal_msp.o
                0x0000000008001750                HAL_TIM_MspPostInit
 .text.HAL_UART_MspInit
                0x00000000080017b4       0x94 ./Core/Src/stm32f1xx_hal_msp.o
                0x00000000080017b4                HAL_UART_MspInit
 .text.NMI_Handler
                0x0000000008001848        0x6 ./Core/Src/stm32f1xx_it.o
                0x0000000008001848                NMI_Handler
 .text.HardFault_Handler
                0x000000000800184e        0x6 ./Core/Src/stm32f1xx_it.o
                0x000000000800184e                HardFault_Handler
 .text.MemManage_Handler
                0x0000000008001854        0x6 ./Core/Src/stm32f1xx_it.o
                0x0000000008001854                MemManage_Handler
 .text.BusFault_Handler
                0x000000000800185a        0x6 ./Core/Src/stm32f1xx_it.o
                0x000000000800185a                BusFault_Handler
 .text.UsageFault_Handler
                0x0000000008001860        0x6 ./Core/Src/stm32f1xx_it.o
                0x0000000008001860                UsageFault_Handler
 .text.SVC_Handler
                0x0000000008001866        0xc ./Core/Src/stm32f1xx_it.o
                0x0000000008001866                SVC_Handler
 .text.DebugMon_Handler
                0x0000000008001872        0xc ./Core/Src/stm32f1xx_it.o
                0x0000000008001872                DebugMon_Handler
 .text.PendSV_Handler
                0x000000000800187e        0xc ./Core/Src/stm32f1xx_it.o
                0x000000000800187e                PendSV_Handler
 .text.SysTick_Handler
                0x000000000800188a        0xc ./Core/Src/stm32f1xx_it.o
                0x000000000800188a                SysTick_Handler
 *fill*         0x0000000008001896        0x2 
 .text.TIM2_IRQHandler
                0x0000000008001898       0x14 ./Core/Src/stm32f1xx_it.o
                0x0000000008001898                TIM2_IRQHandler
 .text._sbrk    0x00000000080018ac       0x6c ./Core/Src/sysmem.o
                0x00000000080018ac                _sbrk
 .text.SystemInit
                0x0000000008001918        0xc ./Core/Src/system_stm32f1xx.o
                0x0000000008001918                SystemInit
 .text.Reset_Handler
                0x0000000008001924       0x48 ./Core/Startup/startup_stm32f103rbtx.o
                0x0000000008001924                Reset_Handler
 .text.Default_Handler
                0x000000000800196c        0x2 ./Core/Startup/startup_stm32f103rbtx.o
                0x000000000800196c                RTC_Alarm_IRQHandler
                0x000000000800196c                EXTI2_IRQHandler
                0x000000000800196c                TIM1_CC_IRQHandler
                0x000000000800196c                PVD_IRQHandler
                0x000000000800196c                EXTI3_IRQHandler
                0x000000000800196c                EXTI0_IRQHandler
                0x000000000800196c                I2C2_EV_IRQHandler
                0x000000000800196c                ADC1_2_IRQHandler
                0x000000000800196c                SPI1_IRQHandler
                0x000000000800196c                TAMPER_IRQHandler
                0x000000000800196c                DMA1_Channel4_IRQHandler
                0x000000000800196c                USART3_IRQHandler
                0x000000000800196c                RTC_IRQHandler
                0x000000000800196c                DMA1_Channel7_IRQHandler
                0x000000000800196c                CAN1_RX1_IRQHandler
                0x000000000800196c                TIM4_IRQHandler
                0x000000000800196c                I2C1_EV_IRQHandler
                0x000000000800196c                DMA1_Channel6_IRQHandler
                0x000000000800196c                TIM3_IRQHandler
                0x000000000800196c                RCC_IRQHandler
                0x000000000800196c                TIM1_TRG_COM_IRQHandler
                0x000000000800196c                DMA1_Channel1_IRQHandler
                0x000000000800196c                Default_Handler
                0x000000000800196c                EXTI15_10_IRQHandler
                0x000000000800196c                EXTI9_5_IRQHandler
                0x000000000800196c                SPI2_IRQHandler
                0x000000000800196c                DMA1_Channel5_IRQHandler
                0x000000000800196c                EXTI4_IRQHandler
                0x000000000800196c                USB_LP_CAN1_RX0_IRQHandler
                0x000000000800196c                USB_HP_CAN1_TX_IRQHandler
                0x000000000800196c                DMA1_Channel3_IRQHandler
                0x000000000800196c                TIM1_UP_IRQHandler
                0x000000000800196c                WWDG_IRQHandler
                0x000000000800196c                TIM1_BRK_IRQHandler
                0x000000000800196c                EXTI1_IRQHandler
                0x000000000800196c                USART2_IRQHandler
                0x000000000800196c                I2C2_ER_IRQHandler
                0x000000000800196c                DMA1_Channel2_IRQHandler
                0x000000000800196c                CAN1_SCE_IRQHandler
                0x000000000800196c                FLASH_IRQHandler
                0x000000000800196c                USART1_IRQHandler
                0x000000000800196c                I2C1_ER_IRQHandler
                0x000000000800196c                USBWakeUp_IRQHandler
 *fill*         0x000000000800196e        0x2 
 .text.HAL_Init
                0x0000000008001970       0x2c ./Drivers/STM32F1xx_HAL_Driver/Src/stm32f1xx_hal.o
                0x0000000008001970                HAL_Init
 .text.HAL_InitTick
                0x000000000800199c       0x60 ./Drivers/STM32F1xx_HAL_Driver/Src/stm32f1xx_hal.o
                0x000000000800199c                HAL_InitTick
 .text.HAL_IncTick
                0x00000000080019fc       0x24 ./Drivers/STM32F1xx_HAL_Driver/Src/stm32f1xx_hal.o
                0x00000000080019fc                HAL_IncTick
 .text.HAL_GetTick
                0x0000000008001a20       0x14 ./Drivers/STM32F1xx_HAL_Driver/Src/stm32f1xx_hal.o
                0x0000000008001a20                HAL_GetTick
 .text.__NVIC_SetPriorityGrouping
                0x0000000008001a34       0x48 ./Drivers/STM32F1xx_HAL_Driver/Src/stm32f1xx_hal_cortex.o
 .text.__NVIC_GetPriorityGrouping
                0x0000000008001a7c       0x1c ./Drivers/STM32F1xx_HAL_Driver/Src/stm32f1xx_hal_cortex.o
 .text.__NVIC_EnableIRQ
                0x0000000008001a98       0x38 ./Drivers/STM32F1xx_HAL_Driver/Src/stm32f1xx_hal_cortex.o
 .text.__NVIC_SetPriority
                0x0000000008001ad0       0x54 ./Drivers/STM32F1xx_HAL_Driver/Src/stm32f1xx_hal_cortex.o
 .text.NVIC_EncodePriority
                0x0000000008001b24       0x64 ./Drivers/STM32F1xx_HAL_Driver/Src/stm32f1xx_hal_cortex.o
 .text.SysTick_Config
                0x0000000008001b88       0x44 ./Drivers/STM32F1xx_HAL_Driver/Src/stm32f1xx_hal_cortex.o
 .text.HAL_NVIC_SetPriorityGrouping
                0x0000000008001bcc       0x16 ./Drivers/STM32F1xx_HAL_Driver/Src/stm32f1xx_hal_cortex.o
                0x0000000008001bcc                HAL_NVIC_SetPriorityGrouping
 .text.HAL_NVIC_SetPriority
                0x0000000008001be2       0x38 ./Drivers/STM32F1xx_HAL_Driver/Src/stm32f1xx_hal_cortex.o
                0x0000000008001be2                HAL_NVIC_SetPriority
 .text.HAL_NVIC_EnableIRQ
                0x0000000008001c1a       0x1c ./Drivers/STM32F1xx_HAL_Driver/Src/stm32f1xx_hal_cortex.o
                0x0000000008001c1a                HAL_NVIC_EnableIRQ
 .text.HAL_SYSTICK_Config
                0x0000000008001c36       0x18 ./Drivers/STM32F1xx_HAL_Driver/Src/stm32f1xx_hal_cortex.o
                0x0000000008001c36                HAL_SYSTICK_Config
 *fill*         0x0000000008001c4e        0x2 
 .text.HAL_GPIO_Init
                0x0000000008001c50      0x308 ./Drivers/STM32F1xx_HAL_Driver/Src/stm32f1xx_hal_gpio.o
                0x0000000008001c50                HAL_GPIO_Init
 .text.HAL_GPIO_ReadPin
                0x0000000008001f58       0x2e ./Drivers/STM32F1xx_HAL_Driver/Src/stm32f1xx_hal_gpio.o
                0x0000000008001f58                HAL_GPIO_ReadPin
 .text.HAL_GPIO_WritePin
                0x0000000008001f86       0x30 ./Drivers/STM32F1xx_HAL_Driver/Src/stm32f1xx_hal_gpio.o
                0x0000000008001f86                HAL_GPIO_WritePin
 *fill*         0x0000000008001fb6        0x2 
 .text.HAL_RCC_OscConfig
                0x0000000008001fb8      0x500 ./Drivers/STM32F1xx_HAL_Driver/Src/stm32f1xx_hal_rcc.o
                0x0000000008001fb8                HAL_RCC_OscConfig
 .text.HAL_RCC_ClockConfig
                0x00000000080024b8      0x1d4 ./Drivers/STM32F1xx_HAL_Driver/Src/stm32f1xx_hal_rcc.o
                0x00000000080024b8                HAL_RCC_ClockConfig
 .text.HAL_RCC_GetSysClockFreq
                0x000000000800268c       0xa8 ./Drivers/STM32F1xx_HAL_Driver/Src/stm32f1xx_hal_rcc.o
                0x000000000800268c                HAL_RCC_GetSysClockFreq
 .text.HAL_RCC_GetHCLKFreq
                0x0000000008002734       0x14 ./Drivers/STM32F1xx_HAL_Driver/Src/stm32f1xx_hal_rcc.o
                0x0000000008002734                HAL_RCC_GetHCLKFreq
 .text.HAL_RCC_GetPCLK1Freq
                0x0000000008002748       0x28 ./Drivers/STM32F1xx_HAL_Driver/Src/stm32f1xx_hal_rcc.o
                0x0000000008002748                HAL_RCC_GetPCLK1Freq
 .text.HAL_RCC_GetPCLK2Freq
                0x0000000008002770       0x28 ./Drivers/STM32F1xx_HAL_Driver/Src/stm32f1xx_hal_rcc.o
                0x0000000008002770                HAL_RCC_GetPCLK2Freq
 .text.RCC_Delay
                0x0000000008002798       0x3c ./Drivers/STM32F1xx_HAL_Driver/Src/stm32f1xx_hal_rcc.o
 .text.HAL_TIM_Base_Init
                0x00000000080027d4       0x9e ./Drivers/STM32F1xx_HAL_Driver/Src/stm32f1xx_hal_tim.o
                0x00000000080027d4                HAL_TIM_Base_Init
 *fill*         0x0000000008002872        0x2 
 .text.HAL_TIM_Base_Start_IT
                0x0000000008002874       0xa4 ./Drivers/STM32F1xx_HAL_Driver/Src/stm32f1xx_hal_tim.o
                0x0000000008002874                HAL_TIM_Base_Start_IT
 .text.HAL_TIM_PWM_Init
                0x0000000008002918       0x9e ./Drivers/STM32F1xx_HAL_Driver/Src/stm32f1xx_hal_tim.o
                0x0000000008002918                HAL_TIM_PWM_Init
 .text.HAL_TIM_PWM_MspInit
                0x00000000080029b6       0x12 ./Drivers/STM32F1xx_HAL_Driver/Src/stm32f1xx_hal_tim.o
                0x00000000080029b6                HAL_TIM_PWM_MspInit
 .text.HAL_TIM_PWM_Start
                0x00000000080029c8      0x144 ./Drivers/STM32F1xx_HAL_Driver/Src/stm32f1xx_hal_tim.o
                0x00000000080029c8                HAL_TIM_PWM_Start
 .text.HAL_TIM_IRQHandler
                0x0000000008002b0c      0x210 ./Drivers/STM32F1xx_HAL_Driver/Src/stm32f1xx_hal_tim.o
                0x0000000008002b0c                HAL_TIM_IRQHandler
 .text.HAL_TIM_PWM_ConfigChannel
                0x0000000008002d1c      0x184 ./Drivers/STM32F1xx_HAL_Driver/Src/stm32f1xx_hal_tim.o
                0x0000000008002d1c                HAL_TIM_PWM_ConfigChannel
 .text.HAL_TIM_ConfigClockSource
                0x0000000008002ea0      0x18e ./Drivers/STM32F1xx_HAL_Driver/Src/stm32f1xx_hal_tim.o
                0x0000000008002ea0                HAL_TIM_ConfigClockSource
 .text.HAL_TIM_OC_DelayElapsedCallback
                0x000000000800302e       0x12 ./Drivers/STM32F1xx_HAL_Driver/Src/stm32f1xx_hal_tim.o
                0x000000000800302e                HAL_TIM_OC_DelayElapsedCallback
 .text.HAL_TIM_IC_CaptureCallback
                0x0000000008003040       0x12 ./Drivers/STM32F1xx_HAL_Driver/Src/stm32f1xx_hal_tim.o
                0x0000000008003040                HAL_TIM_IC_CaptureCallback
 .text.HAL_TIM_PWM_PulseFinishedCallback
                0x0000000008003052       0x12 ./Drivers/STM32F1xx_HAL_Driver/Src/stm32f1xx_hal_tim.o
                0x0000000008003052                HAL_TIM_PWM_PulseFinishedCallback
 .text.HAL_TIM_TriggerCallback
                0x0000000008003064       0x12 ./Drivers/STM32F1xx_HAL_Driver/Src/stm32f1xx_hal_tim.o
                0x0000000008003064                HAL_TIM_TriggerCallback
 *fill*         0x0000000008003076        0x2 
 .text.TIM_Base_SetConfig
                0x0000000008003078       0xc4 ./Drivers/STM32F1xx_HAL_Driver/Src/stm32f1xx_hal_tim.o
                0x0000000008003078                TIM_Base_SetConfig
 .text.TIM_OC1_SetConfig
                0x000000000800313c       0xcc ./Drivers/STM32F1xx_HAL_Driver/Src/stm32f1xx_hal_tim.o
 .text.TIM_OC2_SetConfig
                0x0000000008003208       0xd4 ./Drivers/STM32F1xx_HAL_Driver/Src/stm32f1xx_hal_tim.o
                0x0000000008003208                TIM_OC2_SetConfig
 .text.TIM_OC3_SetConfig
                0x00000000080032dc       0xd4 ./Drivers/STM32F1xx_HAL_Driver/Src/stm32f1xx_hal_tim.o
 .text.TIM_OC4_SetConfig
                0x00000000080033b0       0x9c ./Drivers/STM32F1xx_HAL_Driver/Src/stm32f1xx_hal_tim.o
 .text.TIM_TI1_ConfigInputStage
                0x000000000800344c       0x5c ./Drivers/STM32F1xx_HAL_Driver/Src/stm32f1xx_hal_tim.o
 .text.TIM_TI2_ConfigInputStage
                0x00000000080034a8       0x5e ./Drivers/STM32F1xx_HAL_Driver/Src/stm32f1xx_hal_tim.o
 .text.TIM_ITRx_SetConfig
                0x0000000008003506       0x34 ./Drivers/STM32F1xx_HAL_Driver/Src/stm32f1xx_hal_tim.o
 .text.TIM_ETR_SetConfig
                0x000000000800353a       0x3e ./Drivers/STM32F1xx_HAL_Driver/Src/stm32f1xx_hal_tim.o
                0x000000000800353a                TIM_ETR_SetConfig
 .text.TIM_CCxChannelCmd
                0x0000000008003578       0x48 ./Drivers/STM32F1xx_HAL_Driver/Src/stm32f1xx_hal_tim.o
                0x0000000008003578                TIM_CCxChannelCmd
 .text.HAL_TIMEx_MasterConfigSynchronization
                0x00000000080035c0       0xbc ./Drivers/STM32F1xx_HAL_Driver/Src/stm32f1xx_hal_tim_ex.o
                0x00000000080035c0                HAL_TIMEx_MasterConfigSynchronization
 .text.HAL_TIMEx_CommutCallback
                0x000000000800367c       0x12 ./Drivers/STM32F1xx_HAL_Driver/Src/stm32f1xx_hal_tim_ex.o
                0x000000000800367c                HAL_TIMEx_CommutCallback
 .text.HAL_TIMEx_BreakCallback
                0x000000000800368e       0x12 ./Drivers/STM32F1xx_HAL_Driver/Src/stm32f1xx_hal_tim_ex.o
                0x000000000800368e                HAL_TIMEx_BreakCallback
 .text.HAL_UART_Init
                0x00000000080036a0       0xa0 ./Drivers/STM32F1xx_HAL_Driver/Src/stm32f1xx_hal_uart.o
                0x00000000080036a0                HAL_UART_Init
 .text.HAL_UART_Transmit
                0x0000000008003740      0x106 ./Drivers/STM32F1xx_HAL_Driver/Src/stm32f1xx_hal_uart.o
                0x0000000008003740                HAL_UART_Transmit
 .text.UART_WaitOnFlagUntilTimeout
                0x0000000008003846       0xdc ./Drivers/STM32F1xx_HAL_Driver/Src/stm32f1xx_hal_uart.o
 *fill*         0x0000000008003922        0x2 
 .text.UART_SetConfig
                0x0000000008003924      0x11c ./Drivers/STM32F1xx_HAL_Driver/Src/stm32f1xx_hal_uart.o
 .text.__errno  0x0000000008003a40        0xc c:/program files (x86)/st/stm32cubeide_1.7.0/stm32cubeide/plugins/com.st.stm32cube.ide.mcu.externaltools.gnu-tools-for-stm32.9-2020-q2-update.win32_2.0.0.202105311346/tools/bin/../lib/gcc/arm-none-eabi/9.3.1/../../../../arm-none-eabi/lib/thumb/v7-m/nofp\libc_nano.a(lib_a-errno.o)
                0x0000000008003a40                __errno
 .text.__libc_init_array
                0x0000000008003a4c       0x48 c:/program files (x86)/st/stm32cubeide_1.7.0/stm32cubeide/plugins/com.st.stm32cube.ide.mcu.externaltools.gnu-tools-for-stm32.9-2020-q2-update.win32_2.0.0.202105311346/tools/bin/../lib/gcc/arm-none-eabi/9.3.1/../../../../arm-none-eabi/lib/thumb/v7-m/nofp\libc_nano.a(lib_a-init.o)
                0x0000000008003a4c                __libc_init_array
 .text.malloc   0x0000000008003a94       0x10 c:/program files (x86)/st/stm32cubeide_1.7.0/stm32cubeide/plugins/com.st.stm32cube.ide.mcu.externaltools.gnu-tools-for-stm32.9-2020-q2-update.win32_2.0.0.202105311346/tools/bin/../lib/gcc/arm-none-eabi/9.3.1/../../../../arm-none-eabi/lib/thumb/v7-m/nofp\libc_nano.a(lib_a-malloc.o)
                0x0000000008003a94                malloc
 .text.free     0x0000000008003aa4       0x10 c:/program files (x86)/st/stm32cubeide_1.7.0/stm32cubeide/plugins/com.st.stm32cube.ide.mcu.externaltools.gnu-tools-for-stm32.9-2020-q2-update.win32_2.0.0.202105311346/tools/bin/../lib/gcc/arm-none-eabi/9.3.1/../../../../arm-none-eabi/lib/thumb/v7-m/nofp\libc_nano.a(lib_a-malloc.o)
                0x0000000008003aa4                free
 .text.memset   0x0000000008003ab4       0x10 c:/program files (x86)/st/stm32cubeide_1.7.0/stm32cubeide/plugins/com.st.stm32cube.ide.mcu.externaltools.gnu-tools-for-stm32.9-2020-q2-update.win32_2.0.0.202105311346/tools/bin/../lib/gcc/arm-none-eabi/9.3.1/../../../../arm-none-eabi/lib/thumb/v7-m/nofp\libc_nano.a(lib_a-memset.o)
                0x0000000008003ab4                memset
 .text._free_r  0x0000000008003ac4       0x98 c:/program files (x86)/st/stm32cubeide_1.7.0/stm32cubeide/plugins/com.st.stm32cube.ide.mcu.externaltools.gnu-tools-for-stm32.9-2020-q2-update.win32_2.0.0.202105311346/tools/bin/../lib/gcc/arm-none-eabi/9.3.1/../../../../arm-none-eabi/lib/thumb/v7-m/nofp\libc_nano.a(lib_a-nano-freer.o)
                0x0000000008003ac4                _free_r
 .text._malloc_r
                0x0000000008003b5c       0xb4 c:/program files (x86)/st/stm32cubeide_1.7.0/stm32cubeide/plugins/com.st.stm32cube.ide.mcu.externaltools.gnu-tools-for-stm32.9-2020-q2-update.win32_2.0.0.202105311346/tools/bin/../lib/gcc/arm-none-eabi/9.3.1/../../../../arm-none-eabi/lib/thumb/v7-m/nofp\libc_nano.a(lib_a-nano-mallocr.o)
                0x0000000008003b5c                _malloc_r
 .text._sbrk_r  0x0000000008003c10       0x20 c:/program files (x86)/st/stm32cubeide_1.7.0/stm32cubeide/plugins/com.st.stm32cube.ide.mcu.externaltools.gnu-tools-for-stm32.9-2020-q2-update.win32_2.0.0.202105311346/tools/bin/../lib/gcc/arm-none-eabi/9.3.1/../../../../arm-none-eabi/lib/thumb/v7-m/nofp\libc_nano.a(lib_a-sbrkr.o)
                0x0000000008003c10                _sbrk_r
 .text.sprintf  0x0000000008003c30       0x40 c:/program files (x86)/st/stm32cubeide_1.7.0/stm32cubeide/plugins/com.st.stm32cube.ide.mcu.externaltools.gnu-tools-for-stm32.9-2020-q2-update.win32_2.0.0.202105311346/tools/bin/../lib/gcc/arm-none-eabi/9.3.1/../../../../arm-none-eabi/lib/thumb/v7-m/nofp\libc_nano.a(lib_a-sprintf.o)
                0x0000000008003c30                siprintf
                0x0000000008003c30                sprintf
 .text.__malloc_lock
                0x0000000008003c70        0xc c:/program files (x86)/st/stm32cubeide_1.7.0/stm32cubeide/plugins/com.st.stm32cube.ide.mcu.externaltools.gnu-tools-for-stm32.9-2020-q2-update.win32_2.0.0.202105311346/tools/bin/../lib/gcc/arm-none-eabi/9.3.1/../../../../arm-none-eabi/lib/thumb/v7-m/nofp\libc_nano.a(lib_a-mlock.o)
                0x0000000008003c70                __malloc_lock
 .text.__malloc_unlock
                0x0000000008003c7c        0xc c:/program files (x86)/st/stm32cubeide_1.7.0/stm32cubeide/plugins/com.st.stm32cube.ide.mcu.externaltools.gnu-tools-for-stm32.9-2020-q2-update.win32_2.0.0.202105311346/tools/bin/../lib/gcc/arm-none-eabi/9.3.1/../../../../arm-none-eabi/lib/thumb/v7-m/nofp\libc_nano.a(lib_a-mlock.o)
                0x0000000008003c7c                __malloc_unlock
 .text.__ssputs_r
                0x0000000008003c88       0xb6 c:/program files (x86)/st/stm32cubeide_1.7.0/stm32cubeide/plugins/com.st.stm32cube.ide.mcu.externaltools.gnu-tools-for-stm32.9-2020-q2-update.win32_2.0.0.202105311346/tools/bin/../lib/gcc/arm-none-eabi/9.3.1/../../../../arm-none-eabi/lib/thumb/v7-m/nofp\libc_nano.a(lib_a-nano-svfprintf.o)
                0x0000000008003c88                __ssputs_r
 *fill*         0x0000000008003d3e        0x2 
 .text._svfprintf_r
                0x0000000008003d40      0x200 c:/program files (x86)/st/stm32cubeide_1.7.0/stm32cubeide/plugins/com.st.stm32cube.ide.mcu.externaltools.gnu-tools-for-stm32.9-2020-q2-update.win32_2.0.0.202105311346/tools/bin/../lib/gcc/arm-none-eabi/9.3.1/../../../../arm-none-eabi/lib/thumb/v7-m/nofp\libc_nano.a(lib_a-nano-svfprintf.o)
                0x0000000008003d40                _svfiprintf_r
                0x0000000008003d40                _svfprintf_r
 .text._printf_common
                0x0000000008003f40       0xde c:/program files (x86)/st/stm32cubeide_1.7.0/stm32cubeide/plugins/com.st.stm32cube.ide.mcu.externaltools.gnu-tools-for-stm32.9-2020-q2-update.win32_2.0.0.202105311346/tools/bin/../lib/gcc/arm-none-eabi/9.3.1/../../../../arm-none-eabi/lib/thumb/v7-m/nofp\libc_nano.a(lib_a-nano-vfprintf_i.o)
                0x0000000008003f40                _printf_common
 *fill*         0x000000000800401e        0x2 
 .text._printf_i
                0x0000000008004020      0x24c c:/program files (x86)/st/stm32cubeide_1.7.0/stm32cubeide/plugins/com.st.stm32cube.ide.mcu.externaltools.gnu-tools-for-stm32.9-2020-q2-update.win32_2.0.0.202105311346/tools/bin/../lib/gcc/arm-none-eabi/9.3.1/../../../../arm-none-eabi/lib/thumb/v7-m/nofp\libc_nano.a(lib_a-nano-vfprintf_i.o)
                0x0000000008004020                _printf_i
 .text.__retarget_lock_acquire_recursive
                0x000000000800426c        0x2 c:/program files (x86)/st/stm32cubeide_1.7.0/stm32cubeide/plugins/com.st.stm32cube.ide.mcu.externaltools.gnu-tools-for-stm32.9-2020-q2-update.win32_2.0.0.202105311346/tools/bin/../lib/gcc/arm-none-eabi/9.3.1/../../../../arm-none-eabi/lib/thumb/v7-m/nofp\libc_nano.a(lib_a-lock.o)
                0x000000000800426c                __retarget_lock_acquire_recursive
 .text.__retarget_lock_release_recursive
                0x000000000800426e        0x2 c:/program files (x86)/st/stm32cubeide_1.7.0/stm32cubeide/plugins/com.st.stm32cube.ide.mcu.externaltools.gnu-tools-for-stm32.9-2020-q2-update.win32_2.0.0.202105311346/tools/bin/../lib/gcc/arm-none-eabi/9.3.1/../../../../arm-none-eabi/lib/thumb/v7-m/nofp\libc_nano.a(lib_a-lock.o)
                0x000000000800426e                __retarget_lock_release_recursive
 .text.memchr   0x0000000008004270       0x1c c:/program files (x86)/st/stm32cubeide_1.7.0/stm32cubeide/plugins/com.st.stm32cube.ide.mcu.externaltools.gnu-tools-for-stm32.9-2020-q2-update.win32_2.0.0.202105311346/tools/bin/../lib/gcc/arm-none-eabi/9.3.1/../../../../arm-none-eabi/lib/thumb/v7-m/nofp\libc_nano.a(lib_a-memchr-stub.o)
                0x0000000008004270                memchr
 .text.memcpy   0x000000000800428c       0x1c c:/program files (x86)/st/stm32cubeide_1.7.0/stm32cubeide/plugins/com.st.stm32cube.ide.mcu.externaltools.gnu-tools-for-stm32.9-2020-q2-update.win32_2.0.0.202105311346/tools/bin/../lib/gcc/arm-none-eabi/9.3.1/../../../../arm-none-eabi/lib/thumb/v7-m/nofp\libc_nano.a(lib_a-memcpy-stub.o)
                0x000000000800428c                memcpy
 .text.memmove  0x00000000080042a8       0x34 c:/program files (x86)/st/stm32cubeide_1.7.0/stm32cubeide/plugins/com.st.stm32cube.ide.mcu.externaltools.gnu-tools-for-stm32.9-2020-q2-update.win32_2.0.0.202105311346/tools/bin/../lib/gcc/arm-none-eabi/9.3.1/../../../../arm-none-eabi/lib/thumb/v7-m/nofp\libc_nano.a(lib_a-memmove.o)
                0x00000000080042a8                memmove
 .text._realloc_r
                0x00000000080042dc       0x4c c:/program files (x86)/st/stm32cubeide_1.7.0/stm32cubeide/plugins/com.st.stm32cube.ide.mcu.externaltools.gnu-tools-for-stm32.9-2020-q2-update.win32_2.0.0.202105311346/tools/bin/../lib/gcc/arm-none-eabi/9.3.1/../../../../arm-none-eabi/lib/thumb/v7-m/nofp\libc_nano.a(lib_a-nano-reallocr.o)
                0x00000000080042dc                _realloc_r
 .text._malloc_usable_size_r
                0x0000000008004328       0x10 c:/program files (x86)/st/stm32cubeide_1.7.0/stm32cubeide/plugins/com.st.stm32cube.ide.mcu.externaltools.gnu-tools-for-stm32.9-2020-q2-update.win32_2.0.0.202105311346/tools/bin/../lib/gcc/arm-none-eabi/9.3.1/../../../../arm-none-eabi/lib/thumb/v7-m/nofp\libc_nano.a(lib_a-nano-msizer.o)
                0x0000000008004328                _malloc_usable_size_r
 *(.glue_7)
 .glue_7        0x0000000008004338        0x0 linker stubs
 *(.glue_7t)
 .glue_7t       0x0000000008004338        0x0 linker stubs
 *(.eh_frame)
 .eh_frame      0x0000000008004338        0x0 c:/program files (x86)/st/stm32cubeide_1.7.0/stm32cubeide/plugins/com.st.stm32cube.ide.mcu.externaltools.gnu-tools-for-stm32.9-2020-q2-update.win32_2.0.0.202105311346/tools/bin/../lib/gcc/arm-none-eabi/9.3.1/thumb/v7-m/nofp/crtbegin.o
 *(.init)
 .init          0x0000000008004338        0x4 c:/program files (x86)/st/stm32cubeide_1.7.0/stm32cubeide/plugins/com.st.stm32cube.ide.mcu.externaltools.gnu-tools-for-stm32.9-2020-q2-update.win32_2.0.0.202105311346/tools/bin/../lib/gcc/arm-none-eabi/9.3.1/thumb/v7-m/nofp/crti.o
                0x0000000008004338                _init
 .init          0x000000000800433c        0x8 c:/program files (x86)/st/stm32cubeide_1.7.0/stm32cubeide/plugins/com.st.stm32cube.ide.mcu.externaltools.gnu-tools-for-stm32.9-2020-q2-update.win32_2.0.0.202105311346/tools/bin/../lib/gcc/arm-none-eabi/9.3.1/thumb/v7-m/nofp/crtn.o
 *(.fini)
 .fini          0x0000000008004344        0x4 c:/program files (x86)/st/stm32cubeide_1.7.0/stm32cubeide/plugins/com.st.stm32cube.ide.mcu.externaltools.gnu-tools-for-stm32.9-2020-q2-update.win32_2.0.0.202105311346/tools/bin/../lib/gcc/arm-none-eabi/9.3.1/thumb/v7-m/nofp/crti.o
                0x0000000008004344                _fini
 .fini          0x0000000008004348        0x8 c:/program files (x86)/st/stm32cubeide_1.7.0/stm32cubeide/plugins/com.st.stm32cube.ide.mcu.externaltools.gnu-tools-for-stm32.9-2020-q2-update.win32_2.0.0.202105311346/tools/bin/../lib/gcc/arm-none-eabi/9.3.1/thumb/v7-m/nofp/crtn.o
                0x0000000008004350                . = ALIGN (0x4)
                0x0000000008004350                _etext = .

.vfp11_veneer   0x0000000008004350        0x0
 .vfp11_veneer  0x0000000008004350        0x0 linker stubs

.v4_bx          0x0000000008004350        0x0
 .v4_bx         0x0000000008004350        0x0 linker stubs

.iplt           0x0000000008004350        0x0
 .iplt          0x0000000008004350        0x0 c:/program files (x86)/st/stm32cubeide_1.7.0/stm32cubeide/plugins/com.st.stm32cube.ide.mcu.externaltools.gnu-tools-for-stm32.9-2020-q2-update.win32_2.0.0.202105311346/tools/bin/../lib/gcc/arm-none-eabi/9.3.1/thumb/v7-m/nofp/crtbegin.o

.rodata         0x0000000008004350      0x31c
                0x0000000008004350                . = ALIGN (0x4)
 *(.rodata)
 .rodata        0x0000000008004350      0x105 ./Core/Src/fsm_auto.o
 *fill*         0x0000000008004455        0x3 
 .rodata        0x0000000008004458      0x129 ./Core/Src/fsm_tuning.o
 *fill*         0x0000000008004581        0x3 
 .rodata        0x0000000008004584        0xc ./Core/Src/global.o
 .rodata        0x0000000008004590       0x78 ./Core/Src/scheduler.o
 *(.rodata*)
 .rodata.timeCycle
                0x0000000008004608        0x4 ./Core/Src/global.o
                0x0000000008004608                timeCycle
 .rodata.AHBPrescTable
                0x000000000800460c       0x10 ./Core/Src/system_stm32f1xx.o
                0x000000000800460c                AHBPrescTable
 .rodata.APBPrescTable
                0x000000000800461c        0x8 ./Core/Src/system_stm32f1xx.o
                0x000000000800461c                APBPrescTable
 .rodata.aPLLMULFactorTable.6196
                0x0000000008004624       0x10 ./Drivers/STM32F1xx_HAL_Driver/Src/stm32f1xx_hal_rcc.o
 .rodata.aPredivFactorTable.6197
                0x0000000008004634        0x2 ./Drivers/STM32F1xx_HAL_Driver/Src/stm32f1xx_hal_rcc.o
 .rodata._svfprintf_r.str1.1
                0x0000000008004636       0x11 c:/program files (x86)/st/stm32cubeide_1.7.0/stm32cubeide/plugins/com.st.stm32cube.ide.mcu.externaltools.gnu-tools-for-stm32.9-2020-q2-update.win32_2.0.0.202105311346/tools/bin/../lib/gcc/arm-none-eabi/9.3.1/../../../../arm-none-eabi/lib/thumb/v7-m/nofp\libc_nano.a(lib_a-nano-svfprintf.o)
 .rodata._printf_i.str1.1
                0x0000000008004647       0x22 c:/program files (x86)/st/stm32cubeide_1.7.0/stm32cubeide/plugins/com.st.stm32cube.ide.mcu.externaltools.gnu-tools-for-stm32.9-2020-q2-update.win32_2.0.0.202105311346/tools/bin/../lib/gcc/arm-none-eabi/9.3.1/../../../../arm-none-eabi/lib/thumb/v7-m/nofp\libc_nano.a(lib_a-nano-vfprintf_i.o)
                0x000000000800466c                . = ALIGN (0x4)
 *fill*         0x0000000008004669        0x3 

.rel.dyn        0x000000000800466c        0x0
 .rel.iplt      0x000000000800466c        0x0 c:/program files (x86)/st/stm32cubeide_1.7.0/stm32cubeide/plugins/com.st.stm32cube.ide.mcu.externaltools.gnu-tools-for-stm32.9-2020-q2-update.win32_2.0.0.202105311346/tools/bin/../lib/gcc/arm-none-eabi/9.3.1/thumb/v7-m/nofp/crtbegin.o

.ARM.extab      0x000000000800466c        0x0
                0x000000000800466c                . = ALIGN (0x4)
 *(.ARM.extab* .gnu.linkonce.armextab.*)
                0x000000000800466c                . = ALIGN (0x4)

.ARM            0x000000000800466c        0x0
                0x000000000800466c                . = ALIGN (0x4)
                0x000000000800466c                __exidx_start = .
 *(.ARM.exidx*)
                0x000000000800466c                __exidx_end = .
                0x000000000800466c                . = ALIGN (0x4)

.preinit_array  0x000000000800466c        0x0
                0x000000000800466c                . = ALIGN (0x4)
                0x000000000800466c                PROVIDE (__preinit_array_start = .)
 *(.preinit_array*)
                0x000000000800466c                PROVIDE (__preinit_array_end = .)
                0x000000000800466c                . = ALIGN (0x4)

.init_array     0x000000000800466c        0x4
                0x000000000800466c                . = ALIGN (0x4)
                0x000000000800466c                PROVIDE (__init_array_start = .)
 *(SORT_BY_NAME(.init_array.*))
 *(.init_array*)
 .init_array    0x000000000800466c        0x4 c:/program files (x86)/st/stm32cubeide_1.7.0/stm32cubeide/plugins/com.st.stm32cube.ide.mcu.externaltools.gnu-tools-for-stm32.9-2020-q2-update.win32_2.0.0.202105311346/tools/bin/../lib/gcc/arm-none-eabi/9.3.1/thumb/v7-m/nofp/crtbegin.o
                0x0000000008004670                PROVIDE (__init_array_end = .)
                0x0000000008004670                . = ALIGN (0x4)

.fini_array     0x0000000008004670        0x4
                0x0000000008004670                . = ALIGN (0x4)
                [!provide]                        PROVIDE (__fini_array_start = .)
 *(SORT_BY_NAME(.fini_array.*))
 *(.fini_array*)
 .fini_array    0x0000000008004670        0x4 c:/program files (x86)/st/stm32cubeide_1.7.0/stm32cubeide/plugins/com.st.stm32cube.ide.mcu.externaltools.gnu-tools-for-stm32.9-2020-q2-update.win32_2.0.0.202105311346/tools/bin/../lib/gcc/arm-none-eabi/9.3.1/thumb/v7-m/nofp/crtbegin.o
                [!provide]                        PROVIDE (__fini_array_end = .)
                0x0000000008004674                . = ALIGN (0x4)
                0x0000000008004674                _sidata = LOADADDR (.data)

.data           0x0000000020000000       0xfc load address 0x0000000008004674
                0x0000000020000000                . = ALIGN (0x4)
                0x0000000020000000                _sdata = .
 *(.data)
 *(.data*)
 .data.mode     0x0000000020000000        0x8 ./Core/Src/button.o
                0x0000000020000000                mode
 .data.port     0x0000000020000008       0x10 ./Core/Src/button.o
                0x0000000020000008                port
 .data.KeyReg0  0x0000000020000018       0x10 ./Core/Src/button.o
                0x0000000020000018                KeyReg0
 .data.KeyReg1  0x0000000020000028       0x10 ./Core/Src/button.o
                0x0000000020000028                KeyReg1
 .data.KeyReg2  0x0000000020000038       0x10 ./Core/Src/button.o
                0x0000000020000038                KeyReg2
 .data.KeyReg3  0x0000000020000048       0x10 ./Core/Src/button.o
                0x0000000020000048                KeyReg3
 .data.TimeOutForKeyPress
                0x0000000020000058       0x10 ./Core/Src/button.o
                0x0000000020000058                TimeOutForKeyPress
 .data.timeRed  0x0000000020000068        0x4 ./Core/Src/global.o
                0x0000000020000068                timeRed
 .data.timeGreen
                0x000000002000006c        0x4 ./Core/Src/global.o
                0x000000002000006c                timeGreen
 .data.timeYellow
                0x0000000020000070        0x4 ./Core/Src/global.o
                0x0000000020000070                timeYellow
 .data.time_red
                0x0000000020000074        0x4 ./Core/Src/global.o
                0x0000000020000074                time_red
 .data.time_green
                0x0000000020000078        0x4 ./Core/Src/global.o
                0x0000000020000078                time_green
 .data.time_yellow
                0x000000002000007c        0x4 ./Core/Src/global.o
                0x000000002000007c                time_yellow
 .data.ped_state
                0x0000000020000080        0x4 ./Core/Src/global.o
                0x0000000020000080                ped_state
 .data.buzzer_flag
                0x0000000020000084        0x4 ./Core/Src/global.o
                0x0000000020000084                buzzer_flag
 .data.i        0x0000000020000088        0x4 ./Core/Src/global.o
                0x0000000020000088                i
 .data.volume   0x000000002000008c       0x10 ./Core/Src/global.o
                0x000000002000008c                volume
 .data.SystemCoreClock
                0x000000002000009c        0x4 ./Core/Src/system_stm32f1xx.o
                0x000000002000009c                SystemCoreClock
 .data.uwTickPrio
                0x00000000200000a0        0x4 ./Drivers/STM32F1xx_HAL_Driver/Src/stm32f1xx_hal.o
                0x00000000200000a0                uwTickPrio
 .data.uwTickFreq
                0x0000000020000094        0x1 ./Drivers/STM32F1xx_HAL_Driver/Src/stm32f1xx_hal.o
                0x0000000020000094                uwTickFreq
 *fill*         0x0000000020000095        0x3 
 .data._impure_ptr
                0x0000000020000098        0x4 c:/program files (x86)/st/stm32cubeide_1.7.0/stm32cubeide/plugins/com.st.stm32cube.ide.mcu.externaltools.gnu-tools-for-stm32.9-2020-q2-update.win32_2.0.0.202105311346/tools/bin/../lib/gcc/arm-none-eabi/9.3.1/../../../../arm-none-eabi/lib/thumb/v7-m/nofp\libc_nano.a(lib_a-impure.o)
                0x0000000020000098                _impure_ptr
 .data.impure_data
                0x000000002000009c       0x60 c:/program files (x86)/st/stm32cubeide_1.7.0/stm32cubeide/plugins/com.st.stm32cube.ide.mcu.externaltools.gnu-tools-for-stm32.9-2020-q2-update.win32_2.0.0.202105311346/tools/bin/../lib/gcc/arm-none-eabi/9.3.1/../../../../arm-none-eabi/lib/thumb/v7-m/nofp\libc_nano.a(lib_a-impure.o)
 *(.RamFunc)
 *(.RamFunc*)
                0x00000000200000fc                . = ALIGN (0x4)
                0x00000000200000fc                _edata = .

.igot.plt       0x00000000200000fc        0x0 load address 0x0000000008004770
 .igot.plt      0x00000000200000fc        0x0 c:/program files (x86)/st/stm32cubeide_1.7.0/stm32cubeide/plugins/com.st.stm32cube.ide.mcu.externaltools.gnu-tools-for-stm32.9-2020-q2-update.win32_2.0.0.202105311346/tools/bin/../lib/gcc/arm-none-eabi/9.3.1/thumb/v7-m/nofp/crtbegin.o
                0x00000000200000fc                . = ALIGN (0x4)

.bss            0x00000000200000fc      0x21c load address 0x0000000008004770
                0x00000000200000fc                _sbss = .
                0x00000000200000fc                __bss_start__ = _sbss
 *(.bss)
 .bss           0x00000000200000fc       0x1c c:/program files (x86)/st/stm32cubeide_1.7.0/stm32cubeide/plugins/com.st.stm32cube.ide.mcu.externaltools.gnu-tools-for-stm32.9-2020-q2-update.win32_2.0.0.202105311346/tools/bin/../lib/gcc/arm-none-eabi/9.3.1/thumb/v7-m/nofp/crtbegin.o
 *(.bss*)
 .bss.button_flag
                0x0000000020000118       0x10 ./Core/Src/button.o
                0x0000000020000118                button_flag
 .bss.state     0x0000000020000128        0x1 ./Core/Src/global.o
                0x0000000020000128                state
 *fill*         0x0000000020000129        0x3 
 .bss.timeWay1  0x000000002000012c        0x4 ./Core/Src/global.o
                0x000000002000012c                timeWay1
 .bss.timeWay2  0x0000000020000130        0x4 ./Core/Src/global.o
                0x0000000020000130                timeWay2
 .bss.blink     0x0000000020000134        0x4 ./Core/Src/global.o
                0x0000000020000134                blink
 .bss.ped_flag  0x0000000020000138        0x4 ./Core/Src/global.o
                0x0000000020000138                ped_flag
 .bss.sTaskList
                0x000000002000013c        0x4 ./Core/Src/scheduler.o
                0x000000002000013c                sTaskList
 .bss.timer_flag
                0x0000000020000140       0x28 ./Core/Src/software_timer.o
                0x0000000020000140                timer_flag
 .bss.timer_cnt
                0x0000000020000168       0x28 ./Core/Src/software_timer.o
                0x0000000020000168                timer_cnt
 .bss.__sbrk_heap_end
                0x0000000020000190        0x4 ./Core/Src/sysmem.o
 .bss.__malloc_free_list
                0x0000000020000194        0x4 c:/program files (x86)/st/stm32cubeide_1.7.0/stm32cubeide/plugins/com.st.stm32cube.ide.mcu.externaltools.gnu-tools-for-stm32.9-2020-q2-update.win32_2.0.0.202105311346/tools/bin/../lib/gcc/arm-none-eabi/9.3.1/../../../../arm-none-eabi/lib/thumb/v7-m/nofp\libc_nano.a(lib_a-nano-mallocr.o)
                0x0000000020000194                __malloc_free_list
 .bss.__malloc_sbrk_start
                0x0000000020000198        0x4 c:/program files (x86)/st/stm32cubeide_1.7.0/stm32cubeide/plugins/com.st.stm32cube.ide.mcu.externaltools.gnu-tools-for-stm32.9-2020-q2-update.win32_2.0.0.202105311346/tools/bin/../lib/gcc/arm-none-eabi/9.3.1/../../../../arm-none-eabi/lib/thumb/v7-m/nofp\libc_nano.a(lib_a-nano-mallocr.o)
                0x0000000020000198                __malloc_sbrk_start
 *(COMMON)
 COMMON         0x000000002000019c       0x48 ./Core/Src/button.o
                0x000000002000019c                htim3
 COMMON         0x00000000200001e4       0x90 ./Core/Src/main.o
                0x00000000200001e4                htim2
                0x000000002000022c                huart2
 COMMON         0x0000000020000274       0x90 ./Core/Src/scheduler.o
                0x0000000020000274                mutex_lock
                0x0000000020000278                str
                0x00000000200002dc                tracker
 COMMON         0x0000000020000304        0x4 ./Drivers/STM32F1xx_HAL_Driver/Src/stm32f1xx_hal.o
                0x0000000020000304                uwTick
 COMMON         0x0000000020000308        0x4 c:/program files (x86)/st/stm32cubeide_1.7.0/stm32cubeide/plugins/com.st.stm32cube.ide.mcu.externaltools.gnu-tools-for-stm32.9-2020-q2-update.win32_2.0.0.202105311346/tools/bin/../lib/gcc/arm-none-eabi/9.3.1/../../../../arm-none-eabi/lib/thumb/v7-m/nofp\libc_nano.a(lib_a-reent.o)
                0x0000000020000308                errno
 COMMON         0x000000002000030c        0x9 c:/program files (x86)/st/stm32cubeide_1.7.0/stm32cubeide/plugins/com.st.stm32cube.ide.mcu.externaltools.gnu-tools-for-stm32.9-2020-q2-update.win32_2.0.0.202105311346/tools/bin/../lib/gcc/arm-none-eabi/9.3.1/../../../../arm-none-eabi/lib/thumb/v7-m/nofp\libc_nano.a(lib_a-lock.o)
                0x000000002000030c                __lock___atexit_recursive_mutex
                0x000000002000030d                __lock___arc4random_mutex
                0x000000002000030e                __lock___env_recursive_mutex
                0x000000002000030f                __lock___sinit_recursive_mutex
                0x0000000020000310                __lock___malloc_recursive_mutex
                0x0000000020000311                __lock___at_quick_exit_mutex
                0x0000000020000312                __lock___dd_hash_mutex
                0x0000000020000313                __lock___tz_mutex
                0x0000000020000314                __lock___sfp_recursive_mutex
                0x0000000020000318                . = ALIGN (0x4)
 *fill*         0x0000000020000315        0x3 
                0x0000000020000318                _ebss = .
                0x0000000020000318                __bss_end__ = _ebss

._user_heap_stack
                0x0000000020000318      0x600 load address 0x0000000008004770
                0x0000000020000318                . = ALIGN (0x8)
                [!provide]                        PROVIDE (end = .)
                0x0000000020000318                PROVIDE (_end = .)
                0x0000000020000518                . = (. + _Min_Heap_Size)
 *fill*         0x0000000020000318      0x200 
                0x0000000020000918                . = (. + _Min_Stack_Size)
 *fill*         0x0000000020000518      0x400 
                0x0000000020000918                . = ALIGN (0x8)

/DISCARD/
 libc.a(*)
 libm.a(*)
 libgcc.a(*)

.ARM.attributes
                0x0000000000000000       0x29
 *(.ARM.attributes)
 .ARM.attributes
                0x0000000000000000       0x1d c:/program files (x86)/st/stm32cubeide_1.7.0/stm32cubeide/plugins/com.st.stm32cube.ide.mcu.externaltools.gnu-tools-for-stm32.9-2020-q2-update.win32_2.0.0.202105311346/tools/bin/../lib/gcc/arm-none-eabi/9.3.1/thumb/v7-m/nofp/crti.o
 .ARM.attributes
                0x000000000000001d       0x2d c:/program files (x86)/st/stm32cubeide_1.7.0/stm32cubeide/plugins/com.st.stm32cube.ide.mcu.externaltools.gnu-tools-for-stm32.9-2020-q2-update.win32_2.0.0.202105311346/tools/bin/../lib/gcc/arm-none-eabi/9.3.1/thumb/v7-m/nofp/crtbegin.o
 .ARM.attributes
                0x000000000000004a       0x2d ./Core/Src/button.o
 .ARM.attributes
                0x0000000000000077       0x2d ./Core/Src/fsm_auto.o
 .ARM.attributes
                0x00000000000000a4       0x2d ./Core/Src/fsm_pedestrian.o
 .ARM.attributes
                0x00000000000000d1       0x2d ./Core/Src/fsm_tuning.o
 .ARM.attributes
                0x00000000000000fe       0x2d ./Core/Src/global.o
 .ARM.attributes
                0x000000000000012b       0x2d ./Core/Src/led_control.o
 .ARM.attributes
                0x0000000000000158       0x2d ./Core/Src/main.o
 .ARM.attributes
                0x0000000000000185       0x2d ./Core/Src/scheduler.o
 .ARM.attributes
                0x00000000000001b2       0x2d ./Core/Src/software_timer.o
 .ARM.attributes
                0x00000000000001df       0x2d ./Core/Src/stm32f1xx_hal_msp.o
 .ARM.attributes
                0x000000000000020c       0x2d ./Core/Src/stm32f1xx_it.o
 .ARM.attributes
                0x0000000000000239       0x2d ./Core/Src/sysmem.o
 .ARM.attributes
                0x0000000000000266       0x2d ./Core/Src/system_stm32f1xx.o
 .ARM.attributes
                0x0000000000000293       0x21 ./Core/Startup/startup_stm32f103rbtx.o
 .ARM.attributes
                0x00000000000002b4       0x2d ./Drivers/STM32F1xx_HAL_Driver/Src/stm32f1xx_hal.o
 .ARM.attributes
                0x00000000000002e1       0x2d ./Drivers/STM32F1xx_HAL_Driver/Src/stm32f1xx_hal_cortex.o
 .ARM.attributes
                0x000000000000030e       0x2d ./Drivers/STM32F1xx_HAL_Driver/Src/stm32f1xx_hal_gpio.o
 .ARM.attributes
                0x000000000000033b       0x2d ./Drivers/STM32F1xx_HAL_Driver/Src/stm32f1xx_hal_rcc.o
 .ARM.attributes
                0x0000000000000368       0x2d ./Drivers/STM32F1xx_HAL_Driver/Src/stm32f1xx_hal_tim.o
 .ARM.attributes
                0x0000000000000395       0x2d ./Drivers/STM32F1xx_HAL_Driver/Src/stm32f1xx_hal_tim_ex.o
 .ARM.attributes
                0x00000000000003c2       0x2d ./Drivers/STM32F1xx_HAL_Driver/Src/stm32f1xx_hal_uart.o
 .ARM.attributes
                0x00000000000003ef       0x2d c:/program files (x86)/st/stm32cubeide_1.7.0/stm32cubeide/plugins/com.st.stm32cube.ide.mcu.externaltools.gnu-tools-for-stm32.9-2020-q2-update.win32_2.0.0.202105311346/tools/bin/../lib/gcc/arm-none-eabi/9.3.1/../../../../arm-none-eabi/lib/thumb/v7-m/nofp\libc_nano.a(lib_a-errno.o)
 .ARM.attributes
                0x000000000000041c       0x2d c:/program files (x86)/st/stm32cubeide_1.7.0/stm32cubeide/plugins/com.st.stm32cube.ide.mcu.externaltools.gnu-tools-for-stm32.9-2020-q2-update.win32_2.0.0.202105311346/tools/bin/../lib/gcc/arm-none-eabi/9.3.1/../../../../arm-none-eabi/lib/thumb/v7-m/nofp\libc_nano.a(lib_a-impure.o)
 .ARM.attributes
                0x0000000000000449       0x2d c:/program files (x86)/st/stm32cubeide_1.7.0/stm32cubeide/plugins/com.st.stm32cube.ide.mcu.externaltools.gnu-tools-for-stm32.9-2020-q2-update.win32_2.0.0.202105311346/tools/bin/../lib/gcc/arm-none-eabi/9.3.1/../../../../arm-none-eabi/lib/thumb/v7-m/nofp\libc_nano.a(lib_a-init.o)
 .ARM.attributes
                0x0000000000000476       0x2d c:/program files (x86)/st/stm32cubeide_1.7.0/stm32cubeide/plugins/com.st.stm32cube.ide.mcu.externaltools.gnu-tools-for-stm32.9-2020-q2-update.win32_2.0.0.202105311346/tools/bin/../lib/gcc/arm-none-eabi/9.3.1/../../../../arm-none-eabi/lib/thumb/v7-m/nofp\libc_nano.a(lib_a-malloc.o)
 .ARM.attributes
                0x00000000000004a3       0x2d c:/program files (x86)/st/stm32cubeide_1.7.0/stm32cubeide/plugins/com.st.stm32cube.ide.mcu.externaltools.gnu-tools-for-stm32.9-2020-q2-update.win32_2.0.0.202105311346/tools/bin/../lib/gcc/arm-none-eabi/9.3.1/../../../../arm-none-eabi/lib/thumb/v7-m/nofp\libc_nano.a(lib_a-memset.o)
 .ARM.attributes
                0x00000000000004d0       0x2d c:/program files (x86)/st/stm32cubeide_1.7.0/stm32cubeide/plugins/com.st.stm32cube.ide.mcu.externaltools.gnu-tools-for-stm32.9-2020-q2-update.win32_2.0.0.202105311346/tools/bin/../lib/gcc/arm-none-eabi/9.3.1/../../../../arm-none-eabi/lib/thumb/v7-m/nofp\libc_nano.a(lib_a-nano-freer.o)
 .ARM.attributes
                0x00000000000004fd       0x2d c:/program files (x86)/st/stm32cubeide_1.7.0/stm32cubeide/plugins/com.st.stm32cube.ide.mcu.externaltools.gnu-tools-for-stm32.9-2020-q2-update.win32_2.0.0.202105311346/tools/bin/../lib/gcc/arm-none-eabi/9.3.1/../../../../arm-none-eabi/lib/thumb/v7-m/nofp\libc_nano.a(lib_a-nano-mallocr.o)
 .ARM.attributes
                0x000000000000052a       0x2d c:/program files (x86)/st/stm32cubeide_1.7.0/stm32cubeide/plugins/com.st.stm32cube.ide.mcu.externaltools.gnu-tools-for-stm32.9-2020-q2-update.win32_2.0.0.202105311346/tools/bin/../lib/gcc/arm-none-eabi/9.3.1/../../../../arm-none-eabi/lib/thumb/v7-m/nofp\libc_nano.a(lib_a-sbrkr.o)
 .ARM.attributes
                0x0000000000000557       0x2d c:/program files (x86)/st/stm32cubeide_1.7.0/stm32cubeide/plugins/com.st.stm32cube.ide.mcu.externaltools.gnu-tools-for-stm32.9-2020-q2-update.win32_2.0.0.202105311346/tools/bin/../lib/gcc/arm-none-eabi/9.3.1/../../../../arm-none-eabi/lib/thumb/v7-m/nofp\libc_nano.a(lib_a-sprintf.o)
 .ARM.attributes
                0x0000000000000584       0x2d c:/program files (x86)/st/stm32cubeide_1.7.0/stm32cubeide/plugins/com.st.stm32cube.ide.mcu.externaltools.gnu-tools-for-stm32.9-2020-q2-update.win32_2.0.0.202105311346/tools/bin/../lib/gcc/arm-none-eabi/9.3.1/../../../../arm-none-eabi/lib/thumb/v7-m/nofp\libc_nano.a(lib_a-mlock.o)
 .ARM.attributes
                0x00000000000005b1       0x2d c:/program files (x86)/st/stm32cubeide_1.7.0/stm32cubeide/plugins/com.st.stm32cube.ide.mcu.externaltools.gnu-tools-for-stm32.9-2020-q2-update.win32_2.0.0.202105311346/tools/bin/../lib/gcc/arm-none-eabi/9.3.1/../../../../arm-none-eabi/lib/thumb/v7-m/nofp\libc_nano.a(lib_a-nano-svfprintf.o)
 .ARM.attributes
                0x00000000000005de       0x2d c:/program files (x86)/st/stm32cubeide_1.7.0/stm32cubeide/plugins/com.st.stm32cube.ide.mcu.externaltools.gnu-tools-for-stm32.9-2020-q2-update.win32_2.0.0.202105311346/tools/bin/../lib/gcc/arm-none-eabi/9.3.1/../../../../arm-none-eabi/lib/thumb/v7-m/nofp\libc_nano.a(lib_a-nano-vfprintf_i.o)
 .ARM.attributes
                0x000000000000060b       0x2d c:/program files (x86)/st/stm32cubeide_1.7.0/stm32cubeide/plugins/com.st.stm32cube.ide.mcu.externaltools.gnu-tools-for-stm32.9-2020-q2-update.win32_2.0.0.202105311346/tools/bin/../lib/gcc/arm-none-eabi/9.3.1/../../../../arm-none-eabi/lib/thumb/v7-m/nofp\libc_nano.a(lib_a-reent.o)
 .ARM.attributes
                0x0000000000000638       0x2d c:/program files (x86)/st/stm32cubeide_1.7.0/stm32cubeide/plugins/com.st.stm32cube.ide.mcu.externaltools.gnu-tools-for-stm32.9-2020-q2-update.win32_2.0.0.202105311346/tools/bin/../lib/gcc/arm-none-eabi/9.3.1/../../../../arm-none-eabi/lib/thumb/v7-m/nofp\libc_nano.a(lib_a-lock.o)
 .ARM.attributes
                0x0000000000000665       0x2d c:/program files (x86)/st/stm32cubeide_1.7.0/stm32cubeide/plugins/com.st.stm32cube.ide.mcu.externaltools.gnu-tools-for-stm32.9-2020-q2-update.win32_2.0.0.202105311346/tools/bin/../lib/gcc/arm-none-eabi/9.3.1/../../../../arm-none-eabi/lib/thumb/v7-m/nofp\libc_nano.a(lib_a-memchr-stub.o)
 .ARM.attributes
                0x0000000000000692       0x2d c:/program files (x86)/st/stm32cubeide_1.7.0/stm32cubeide/plugins/com.st.stm32cube.ide.mcu.externaltools.gnu-tools-for-stm32.9-2020-q2-update.win32_2.0.0.202105311346/tools/bin/../lib/gcc/arm-none-eabi/9.3.1/../../../../arm-none-eabi/lib/thumb/v7-m/nofp\libc_nano.a(lib_a-memcpy-stub.o)
 .ARM.attributes
                0x00000000000006bf       0x2d c:/program files (x86)/st/stm32cubeide_1.7.0/stm32cubeide/plugins/com.st.stm32cube.ide.mcu.externaltools.gnu-tools-for-stm32.9-2020-q2-update.win32_2.0.0.202105311346/tools/bin/../lib/gcc/arm-none-eabi/9.3.1/../../../../arm-none-eabi/lib/thumb/v7-m/nofp\libc_nano.a(lib_a-memmove.o)
 .ARM.attributes
                0x00000000000006ec       0x2d c:/program files (x86)/st/stm32cubeide_1.7.0/stm32cubeide/plugins/com.st.stm32cube.ide.mcu.externaltools.gnu-tools-for-stm32.9-2020-q2-update.win32_2.0.0.202105311346/tools/bin/../lib/gcc/arm-none-eabi/9.3.1/../../../../arm-none-eabi/lib/thumb/v7-m/nofp\libc_nano.a(lib_a-nano-reallocr.o)
 .ARM.attributes
                0x0000000000000719       0x2d c:/program files (x86)/st/stm32cubeide_1.7.0/stm32cubeide/plugins/com.st.stm32cube.ide.mcu.externaltools.gnu-tools-for-stm32.9-2020-q2-update.win32_2.0.0.202105311346/tools/bin/../lib/gcc/arm-none-eabi/9.3.1/../../../../arm-none-eabi/lib/thumb/v7-m/nofp\libc_nano.a(lib_a-nano-msizer.o)
 .ARM.attributes
                0x0000000000000746       0x1d c:/program files (x86)/st/stm32cubeide_1.7.0/stm32cubeide/plugins/com.st.stm32cube.ide.mcu.externaltools.gnu-tools-for-stm32.9-2020-q2-update.win32_2.0.0.202105311346/tools/bin/../lib/gcc/arm-none-eabi/9.3.1/thumb/v7-m/nofp/crtn.o
OUTPUT(Project_F103RB.elf elf32-littlearm)
LOAD linker stubs
LOAD c:/program files (x86)/st/stm32cubeide_1.7.0/stm32cubeide/plugins/com.st.stm32cube.ide.mcu.externaltools.gnu-tools-for-stm32.9-2020-q2-update.win32_2.0.0.202105311346/tools/bin/../lib/gcc/arm-none-eabi/9.3.1/../../../../arm-none-eabi/lib/thumb/v7-m/nofp\libc.a
LOAD c:/program files (x86)/st/stm32cubeide_1.7.0/stm32cubeide/plugins/com.st.stm32cube.ide.mcu.externaltools.gnu-tools-for-stm32.9-2020-q2-update.win32_2.0.0.202105311346/tools/bin/../lib/gcc/arm-none-eabi/9.3.1/../../../../arm-none-eabi/lib/thumb/v7-m/nofp\libm.a
LOAD c:/program files (x86)/st/stm32cubeide_1.7.0/stm32cubeide/plugins/com.st.stm32cube.ide.mcu.externaltools.gnu-tools-for-stm32.9-2020-q2-update.win32_2.0.0.202105311346/tools/bin/../lib/gcc/arm-none-eabi/9.3.1/thumb/v7-m/nofp\libgcc.a

.debug_info     0x0000000000000000    0x142e9
 .debug_info    0x0000000000000000      0xc96 ./Core/Src/button.o
 .debug_info    0x0000000000000c96     0x140b ./Core/Src/fsm_auto.o
 .debug_info    0x00000000000020a1      0xb3d ./Core/Src/fsm_pedestrian.o
 .debug_info    0x0000000000002bde     0x1603 ./Core/Src/fsm_tuning.o
 .debug_info    0x00000000000041e1     0x149a ./Core/Src/global.o
 .debug_info    0x000000000000567b      0xab9 ./Core/Src/led_control.o
 .debug_info    0x0000000000006134     0x1054 ./Core/Src/main.o
 .debug_info    0x0000000000007188     0x145f ./Core/Src/scheduler.o
 .debug_info    0x00000000000085e7       0xd9 ./Core/Src/software_timer.o
 .debug_info    0x00000000000086c0      0xe7f ./Core/Src/stm32f1xx_hal_msp.o
 .debug_info    0x000000000000953f      0xa4b ./Core/Src/stm32f1xx_it.o
 .debug_info    0x0000000000009f8a      0xa25 ./Core/Src/sysmem.o
 .debug_info    0x000000000000a9af      0x2be ./Core/Src/system_stm32f1xx.o
 .debug_info    0x000000000000ac6d       0x22 ./Core/Startup/startup_stm32f103rbtx.o
 .debug_info    0x000000000000ac8f      0x76a ./Drivers/STM32F1xx_HAL_Driver/Src/stm32f1xx_hal.o
 .debug_info    0x000000000000b3f9      0xbdc ./Drivers/STM32F1xx_HAL_Driver/Src/stm32f1xx_hal_cortex.o
 .debug_info    0x000000000000bfd5      0x701 ./Drivers/STM32F1xx_HAL_Driver/Src/stm32f1xx_hal_gpio.o
 .debug_info    0x000000000000c6d6      0x893 ./Drivers/STM32F1xx_HAL_Driver/Src/stm32f1xx_hal_rcc.o
 .debug_info    0x000000000000cf69     0x2c12 ./Drivers/STM32F1xx_HAL_Driver/Src/stm32f1xx_hal_tim.o
 .debug_info    0x000000000000fb7b     0x157f ./Drivers/STM32F1xx_HAL_Driver/Src/stm32f1xx_hal_tim_ex.o
 .debug_info    0x00000000000110fa     0x31ef ./Drivers/STM32F1xx_HAL_Driver/Src/stm32f1xx_hal_uart.o

.debug_abbrev   0x0000000000000000     0x2967
 .debug_abbrev  0x0000000000000000      0x1fd ./Core/Src/button.o
 .debug_abbrev  0x00000000000001fd      0x210 ./Core/Src/fsm_auto.o
 .debug_abbrev  0x000000000000040d      0x198 ./Core/Src/fsm_pedestrian.o
 .debug_abbrev  0x00000000000005a5      0x26b ./Core/Src/fsm_tuning.o
 .debug_abbrev  0x0000000000000810      0x237 ./Core/Src/global.o
 .debug_abbrev  0x0000000000000a47      0x16d ./Core/Src/led_control.o
 .debug_abbrev  0x0000000000000bb4      0x2ad ./Core/Src/main.o
 .debug_abbrev  0x0000000000000e61      0x295 ./Core/Src/scheduler.o
 .debug_abbrev  0x00000000000010f6       0xe4 ./Core/Src/software_timer.o
 .debug_abbrev  0x00000000000011da      0x1db ./Core/Src/stm32f1xx_hal_msp.o
 .debug_abbrev  0x00000000000013b5      0x189 ./Core/Src/stm32f1xx_it.o
 .debug_abbrev  0x000000000000153e      0x1bf ./Core/Src/sysmem.o
 .debug_abbrev  0x00000000000016fd      0x14e ./Core/Src/system_stm32f1xx.o
 .debug_abbrev  0x000000000000184b       0x12 ./Core/Startup/startup_stm32f103rbtx.o
 .debug_abbrev  0x000000000000185d      0x1ed ./Drivers/STM32F1xx_HAL_Driver/Src/stm32f1xx_hal.o
 .debug_abbrev  0x0000000000001a4a      0x313 ./Drivers/STM32F1xx_HAL_Driver/Src/stm32f1xx_hal_cortex.o
 .debug_abbrev  0x0000000000001d5d      0x1e8 ./Drivers/STM32F1xx_HAL_Driver/Src/stm32f1xx_hal_gpio.o
 .debug_abbrev  0x0000000000001f45      0x273 ./Drivers/STM32F1xx_HAL_Driver/Src/stm32f1xx_hal_rcc.o
 .debug_abbrev  0x00000000000021b8      0x25e ./Drivers/STM32F1xx_HAL_Driver/Src/stm32f1xx_hal_tim.o
 .debug_abbrev  0x0000000000002416      0x266 ./Drivers/STM32F1xx_HAL_Driver/Src/stm32f1xx_hal_tim_ex.o
 .debug_abbrev  0x000000000000267c      0x2eb ./Drivers/STM32F1xx_HAL_Driver/Src/stm32f1xx_hal_uart.o

.debug_aranges  0x0000000000000000      0xd48
 .debug_aranges
                0x0000000000000000       0x30 ./Core/Src/button.o
 .debug_aranges
                0x0000000000000030       0x38 ./Core/Src/fsm_auto.o
 .debug_aranges
                0x0000000000000068       0x38 ./Core/Src/fsm_pedestrian.o
 .debug_aranges
                0x00000000000000a0       0x28 ./Core/Src/fsm_tuning.o
 .debug_aranges
                0x00000000000000c8       0x28 ./Core/Src/global.o
 .debug_aranges
                0x00000000000000f0       0x68 ./Core/Src/led_control.o
 .debug_aranges
                0x0000000000000158       0x58 ./Core/Src/main.o
 .debug_aranges
                0x00000000000001b0       0x40 ./Core/Src/scheduler.o
 .debug_aranges
                0x00000000000001f0       0x30 ./Core/Src/software_timer.o
 .debug_aranges
                0x0000000000000220       0x48 ./Core/Src/stm32f1xx_hal_msp.o
 .debug_aranges
                0x0000000000000268       0x68 ./Core/Src/stm32f1xx_it.o
 .debug_aranges
                0x00000000000002d0       0x20 ./Core/Src/sysmem.o
 .debug_aranges
                0x00000000000002f0       0x28 ./Core/Src/system_stm32f1xx.o
 .debug_aranges
                0x0000000000000318       0x28 ./Core/Startup/startup_stm32f103rbtx.o
 .debug_aranges
                0x0000000000000340       0xe0 ./Drivers/STM32F1xx_HAL_Driver/Src/stm32f1xx_hal.o
 .debug_aranges
                0x0000000000000420      0x100 ./Drivers/STM32F1xx_HAL_Driver/Src/stm32f1xx_hal_cortex.o
 .debug_aranges
                0x0000000000000520       0x58 ./Drivers/STM32F1xx_HAL_Driver/Src/stm32f1xx_hal_gpio.o
 .debug_aranges
                0x0000000000000578       0x90 ./Drivers/STM32F1xx_HAL_Driver/Src/stm32f1xx_hal_rcc.o
 .debug_aranges
                0x0000000000000608      0x3d0 ./Drivers/STM32F1xx_HAL_Driver/Src/stm32f1xx_hal_tim.o
 .debug_aranges
                0x00000000000009d8      0x168 ./Drivers/STM32F1xx_HAL_Driver/Src/stm32f1xx_hal_tim_ex.o
 .debug_aranges
                0x0000000000000b40      0x208 ./Drivers/STM32F1xx_HAL_Driver/Src/stm32f1xx_hal_uart.o

.debug_ranges   0x0000000000000000      0xc30
 .debug_ranges  0x0000000000000000       0x20 ./Core/Src/button.o
 .debug_ranges  0x0000000000000020       0x28 ./Core/Src/fsm_auto.o
 .debug_ranges  0x0000000000000048       0x28 ./Core/Src/fsm_pedestrian.o
 .debug_ranges  0x0000000000000070       0x18 ./Core/Src/fsm_tuning.o
 .debug_ranges  0x0000000000000088       0x18 ./Core/Src/global.o
 .debug_ranges  0x00000000000000a0       0x58 ./Core/Src/led_control.o
 .debug_ranges  0x00000000000000f8       0x48 ./Core/Src/main.o
 .debug_ranges  0x0000000000000140       0x30 ./Core/Src/scheduler.o
 .debug_ranges  0x0000000000000170       0x20 ./Core/Src/software_timer.o
 .debug_ranges  0x0000000000000190       0x38 ./Core/Src/stm32f1xx_hal_msp.o
 .debug_ranges  0x00000000000001c8       0x58 ./Core/Src/stm32f1xx_it.o
 .debug_ranges  0x0000000000000220       0x10 ./Core/Src/sysmem.o
 .debug_ranges  0x0000000000000230       0x18 ./Core/Src/system_stm32f1xx.o
 .debug_ranges  0x0000000000000248       0x20 ./Core/Startup/startup_stm32f103rbtx.o
 .debug_ranges  0x0000000000000268       0xd0 ./Drivers/STM32F1xx_HAL_Driver/Src/stm32f1xx_hal.o
 .debug_ranges  0x0000000000000338       0xf0 ./Drivers/STM32F1xx_HAL_Driver/Src/stm32f1xx_hal_cortex.o
 .debug_ranges  0x0000000000000428       0x48 ./Drivers/STM32F1xx_HAL_Driver/Src/stm32f1xx_hal_gpio.o
 .debug_ranges  0x0000000000000470       0x80 ./Drivers/STM32F1xx_HAL_Driver/Src/stm32f1xx_hal_rcc.o
 .debug_ranges  0x00000000000004f0      0x3c0 ./Drivers/STM32F1xx_HAL_Driver/Src/stm32f1xx_hal_tim.o
 .debug_ranges  0x00000000000008b0      0x158 ./Drivers/STM32F1xx_HAL_Driver/Src/stm32f1xx_hal_tim_ex.o
 .debug_ranges  0x0000000000000a08      0x228 ./Drivers/STM32F1xx_HAL_Driver/Src/stm32f1xx_hal_uart.o

.debug_macro    0x0000000000000000    0x18d07
 .debug_macro   0x0000000000000000      0x1d0 ./Core/Src/button.o
 .debug_macro   0x00000000000001d0      0xa9c ./Core/Src/button.o
 .debug_macro   0x0000000000000c6c      0x21b ./Core/Src/button.o
 .debug_macro   0x0000000000000e87       0x2e ./Core/Src/button.o
 .debug_macro   0x0000000000000eb5       0x22 ./Core/Src/button.o
 .debug_macro   0x0000000000000ed7       0x22 ./Core/Src/button.o
 .debug_macro   0x0000000000000ef9       0x8e ./Core/Src/button.o
 .debug_macro   0x0000000000000f87       0x51 ./Core/Src/button.o
 .debug_macro   0x0000000000000fd8      0x103 ./Core/Src/button.o
 .debug_macro   0x00000000000010db       0x6a ./Core/Src/button.o
 .debug_macro   0x0000000000001145      0x1df ./Core/Src/button.o
 .debug_macro   0x0000000000001324       0x1c ./Core/Src/button.o
 .debug_macro   0x0000000000001340       0x22 ./Core/Src/button.o
 .debug_macro   0x0000000000001362       0xc3 ./Core/Src/button.o
 .debug_macro   0x0000000000001425      0xd23 ./Core/Src/button.o
 .debug_macro   0x0000000000002148     0xe09e ./Core/Src/button.o
 .debug_macro   0x00000000000101e6       0x6d ./Core/Src/button.o
 .debug_macro   0x0000000000010253     0x348d ./Core/Src/button.o
 .debug_macro   0x00000000000136e0      0x174 ./Core/Src/button.o
 .debug_macro   0x0000000000013854       0x5c ./Core/Src/button.o
 .debug_macro   0x00000000000138b0      0x5bc ./Core/Src/button.o
 .debug_macro   0x0000000000013e6c      0x289 ./Core/Src/button.o
 .debug_macro   0x00000000000140f5      0x1cb ./Core/Src/button.o
 .debug_macro   0x00000000000142c0      0x114 ./Core/Src/button.o
 .debug_macro   0x00000000000143d4      0x1b2 ./Core/Src/button.o
 .debug_macro   0x0000000000014586       0x27 ./Core/Src/button.o
 .debug_macro   0x00000000000145ad      0x136 ./Core/Src/button.o
 .debug_macro   0x00000000000146e3      0x1bc ./Core/Src/button.o
 .debug_macro   0x000000000001489f       0x34 ./Core/Src/button.o
 .debug_macro   0x00000000000148d3       0x3c ./Core/Src/button.o
 .debug_macro   0x000000000001490f       0x57 ./Core/Src/button.o
 .debug_macro   0x0000000000014966       0x87 ./Core/Src/button.o
 .debug_macro   0x00000000000149ed      0x240 ./Core/Src/button.o
 .debug_macro   0x0000000000014c2d      0x140 ./Core/Src/button.o
 .debug_macro   0x0000000000014d6d      0x8ed ./Core/Src/button.o
 .debug_macro   0x000000000001565a      0x28e ./Core/Src/button.o
 .debug_macro   0x00000000000158e8       0x83 ./Core/Src/button.o
 .debug_macro   0x000000000001596b       0x7c ./Core/Src/button.o
 .debug_macro   0x00000000000159e7       0x1c ./Core/Src/button.o
 .debug_macro   0x0000000000015a03       0x10 ./Core/Src/button.o
 .debug_macro   0x0000000000015a13      0x389 ./Core/Src/fsm_auto.o
 .debug_macro   0x0000000000015d9c       0x16 ./Core/Src/fsm_auto.o
 .debug_macro   0x0000000000015db2       0x52 ./Core/Src/fsm_auto.o
 .debug_macro   0x0000000000015e04       0x18 ./Core/Src/fsm_auto.o
 .debug_macro   0x0000000000015e1c       0x3c ./Core/Src/fsm_auto.o
 .debug_macro   0x0000000000015e58       0x34 ./Core/Src/fsm_auto.o
 .debug_macro   0x0000000000015e8c       0x16 ./Core/Src/fsm_auto.o
 .debug_macro   0x0000000000015ea2       0x35 ./Core/Src/fsm_auto.o
 .debug_macro   0x0000000000015ed7      0x333 ./Core/Src/fsm_auto.o
 .debug_macro   0x000000000001620a       0x10 ./Core/Src/fsm_auto.o
 .debug_macro   0x000000000001621a       0x16 ./Core/Src/fsm_auto.o
 .debug_macro   0x0000000000016230       0x43 ./Core/Src/fsm_auto.o
 .debug_macro   0x0000000000016273       0x34 ./Core/Src/fsm_auto.o
 .debug_macro   0x00000000000162a7       0x10 ./Core/Src/fsm_auto.o
 .debug_macro   0x00000000000162b7       0x58 ./Core/Src/fsm_auto.o
 .debug_macro   0x000000000001630f       0x71 ./Core/Src/fsm_auto.o
 .debug_macro   0x0000000000016380       0x1c ./Core/Src/fsm_auto.o
 .debug_macro   0x000000000001639c      0x12a ./Core/Src/fsm_auto.o
 .debug_macro   0x00000000000164c6       0x10 ./Core/Src/fsm_auto.o
 .debug_macro   0x00000000000164d6       0x1c ./Core/Src/fsm_auto.o
 .debug_macro   0x00000000000164f2       0x52 ./Core/Src/fsm_auto.o
 .debug_macro   0x0000000000016544       0x22 ./Core/Src/fsm_auto.o
 .debug_macro   0x0000000000016566       0x10 ./Core/Src/fsm_auto.o
 .debug_macro   0x0000000000016576       0x40 ./Core/Src/fsm_auto.o
 .debug_macro   0x00000000000165b6       0xd5 ./Core/Src/fsm_auto.o
 .debug_macro   0x000000000001668b       0x1c ./Core/Src/fsm_auto.o
 .debug_macro   0x00000000000166a7       0x3d ./Core/Src/fsm_auto.o
 .debug_macro   0x00000000000166e4       0x16 ./Core/Src/fsm_auto.o
 .debug_macro   0x00000000000166fa      0x145 ./Core/Src/fsm_auto.o
 .debug_macro   0x000000000001683f       0x16 ./Core/Src/fsm_auto.o
 .debug_macro   0x0000000000016855       0x16 ./Core/Src/fsm_auto.o
 .debug_macro   0x000000000001686b       0x29 ./Core/Src/fsm_auto.o
 .debug_macro   0x0000000000016894      0x1e8 ./Core/Src/fsm_pedestrian.o
 .debug_macro   0x0000000000016a7c      0x36c ./Core/Src/fsm_tuning.o
 .debug_macro   0x0000000000016de8      0x358 ./Core/Src/global.o
 .debug_macro   0x0000000000017140      0x1bc ./Core/Src/led_control.o
 .debug_macro   0x00000000000172fc      0x215 ./Core/Src/main.o
 .debug_macro   0x0000000000017511       0x10 ./Core/Src/main.o
 .debug_macro   0x0000000000017521      0x352 ./Core/Src/scheduler.o
 .debug_macro   0x0000000000017873       0x16 ./Core/Src/scheduler.o
 .debug_macro   0x0000000000017889       0x1b ./Core/Src/software_timer.o
 .debug_macro   0x00000000000178a4      0x1b2 ./Core/Src/stm32f1xx_hal_msp.o
 .debug_macro   0x0000000000017a56      0x1bc ./Core/Src/stm32f1xx_it.o
 .debug_macro   0x0000000000017c12       0xff ./Core/Src/sysmem.o
 .debug_macro   0x0000000000017d11      0x23b ./Core/Src/sysmem.o
 .debug_macro   0x0000000000017f4c      0x1a3 ./Core/Src/system_stm32f1xx.o
 .debug_macro   0x00000000000180ef      0x1c7 ./Drivers/STM32F1xx_HAL_Driver/Src/stm32f1xx_hal.o
 .debug_macro   0x00000000000182b6      0x1a3 ./Drivers/STM32F1xx_HAL_Driver/Src/stm32f1xx_hal_cortex.o
 .debug_macro   0x0000000000018459      0x20e ./Drivers/STM32F1xx_HAL_Driver/Src/stm32f1xx_hal_gpio.o
 .debug_macro   0x0000000000018667      0x1b5 ./Drivers/STM32F1xx_HAL_Driver/Src/stm32f1xx_hal_rcc.o
 .debug_macro   0x000000000001881c      0x1a4 ./Drivers/STM32F1xx_HAL_Driver/Src/stm32f1xx_hal_tim.o
 .debug_macro   0x00000000000189c0      0x1a3 ./Drivers/STM32F1xx_HAL_Driver/Src/stm32f1xx_hal_tim_ex.o
 .debug_macro   0x0000000000018b63      0x1a4 ./Drivers/STM32F1xx_HAL_Driver/Src/stm32f1xx_hal_uart.o

.debug_line     0x0000000000000000    0x1146e
 .debug_line    0x0000000000000000      0x7ae ./Core/Src/button.o
 .debug_line    0x00000000000007ae      0xd5e ./Core/Src/fsm_auto.o
 .debug_line    0x000000000000150c      0x808 ./Core/Src/fsm_pedestrian.o
 .debug_line    0x0000000000001d14      0xc5b ./Core/Src/fsm_tuning.o
 .debug_line    0x000000000000296f      0xb02 ./Core/Src/global.o
 .debug_line    0x0000000000003471      0x7de ./Core/Src/led_control.o
 .debug_line    0x0000000000003c4f      0x952 ./Core/Src/main.o
 .debug_line    0x00000000000045a1      0xcea ./Core/Src/scheduler.o
 .debug_line    0x000000000000528b       0xbd ./Core/Src/software_timer.o
 .debug_line    0x0000000000005348      0x7d6 ./Core/Src/stm32f1xx_hal_msp.o
 .debug_line    0x0000000000005b1e      0x7d6 ./Core/Src/stm32f1xx_it.o
 .debug_line    0x00000000000062f4      0x656 ./Core/Src/sysmem.o
 .debug_line    0x000000000000694a      0x77a ./Core/Src/system_stm32f1xx.o
 .debug_line    0x00000000000070c4       0x86 ./Core/Startup/startup_stm32f103rbtx.o
 .debug_line    0x000000000000714a      0x9a7 ./Drivers/STM32F1xx_HAL_Driver/Src/stm32f1xx_hal.o
 .debug_line    0x0000000000007af1      0xb8f ./Drivers/STM32F1xx_HAL_Driver/Src/stm32f1xx_hal_cortex.o
 .debug_line    0x0000000000008680      0xa40 ./Drivers/STM32F1xx_HAL_Driver/Src/stm32f1xx_hal_gpio.o
 .debug_line    0x00000000000090c0      0xdb3 ./Drivers/STM32F1xx_HAL_Driver/Src/stm32f1xx_hal_rcc.o
 .debug_line    0x0000000000009e73     0x3426 ./Drivers/STM32F1xx_HAL_Driver/Src/stm32f1xx_hal_tim.o
 .debug_line    0x000000000000d299     0x18fd ./Drivers/STM32F1xx_HAL_Driver/Src/stm32f1xx_hal_tim_ex.o
 .debug_line    0x000000000000eb96     0x28d8 ./Drivers/STM32F1xx_HAL_Driver/Src/stm32f1xx_hal_uart.o

.debug_str      0x0000000000000000    0x8b1f0
 .debug_str     0x0000000000000000    0x83cd2 ./Core/Src/button.o
                                      0x840e9 (size before relaxing)
 .debug_str     0x0000000000083cd2     0x41bf ./Core/Src/fsm_auto.o
                                      0x882af (size before relaxing)
 .debug_str     0x0000000000087e91       0x46 ./Core/Src/fsm_pedestrian.o
                                      0x840f6 (size before relaxing)
 .debug_str     0x0000000000087ed7       0x80 ./Core/Src/fsm_tuning.o
                                      0x88271 (size before relaxing)
 .debug_str     0x0000000000087f57       0x2e ./Core/Src/global.o
                                      0x881ed (size before relaxing)
 .debug_str     0x0000000000087f85       0x33 ./Core/Src/led_control.o
                                      0x83f59 (size before relaxing)
 .debug_str     0x0000000000087fb8      0x39a ./Core/Src/main.o
                                      0x84491 (size before relaxing)
 .debug_str     0x0000000000088352       0xec ./Core/Src/scheduler.o
                                      0x881a2 (size before relaxing)
 .debug_str     0x000000000008843e       0x4c ./Core/Src/software_timer.o
                                       0x2ded (size before relaxing)
 .debug_str     0x000000000008848a      0x332 ./Core/Src/stm32f1xx_hal_msp.o
                                      0x842ef (size before relaxing)
 .debug_str     0x00000000000887bc       0xcd ./Core/Src/stm32f1xx_it.o
                                      0x83f91 (size before relaxing)
 .debug_str     0x0000000000088889      0x4e9 ./Core/Src/sysmem.o
                                       0x6271 (size before relaxing)
 .debug_str     0x0000000000088d72       0x52 ./Core/Src/system_stm32f1xx.o
                                      0x836c9 (size before relaxing)
 .debug_str     0x0000000000088dc4       0x36 ./Core/Startup/startup_stm32f103rbtx.o
                                         0x85 (size before relaxing)
 .debug_str     0x0000000000088dfa      0x304 ./Drivers/STM32F1xx_HAL_Driver/Src/stm32f1xx_hal.o
                                      0x83d5a (size before relaxing)
 .debug_str     0x00000000000890fe      0x300 ./Drivers/STM32F1xx_HAL_Driver/Src/stm32f1xx_hal_cortex.o
                                      0x83d62 (size before relaxing)
 .debug_str     0x00000000000893fe      0x324 ./Drivers/STM32F1xx_HAL_Driver/Src/stm32f1xx_hal_gpio.o
                                      0x83a8d (size before relaxing)
 .debug_str     0x0000000000089722      0x24f ./Drivers/STM32F1xx_HAL_Driver/Src/stm32f1xx_hal_rcc.o
                                      0x83ac6 (size before relaxing)
 .debug_str     0x0000000000089971      0xd73 ./Drivers/STM32F1xx_HAL_Driver/Src/stm32f1xx_hal_tim.o
                                      0x84a9f (size before relaxing)
 .debug_str     0x000000000008a6e4      0x4ee ./Drivers/STM32F1xx_HAL_Driver/Src/stm32f1xx_hal_tim_ex.o
                                      0x84250 (size before relaxing)
 .debug_str     0x000000000008abd2      0x61e ./Drivers/STM32F1xx_HAL_Driver/Src/stm32f1xx_hal_uart.o
                                      0x8411e (size before relaxing)

.comment        0x0000000000000000       0x53
 .comment       0x0000000000000000       0x53 ./Core/Src/button.o
                                         0x54 (size before relaxing)
 .comment       0x0000000000000053       0x54 ./Core/Src/fsm_auto.o
 .comment       0x0000000000000053       0x54 ./Core/Src/fsm_pedestrian.o
 .comment       0x0000000000000053       0x54 ./Core/Src/fsm_tuning.o
 .comment       0x0000000000000053       0x54 ./Core/Src/global.o
 .comment       0x0000000000000053       0x54 ./Core/Src/led_control.o
 .comment       0x0000000000000053       0x54 ./Core/Src/main.o
 .comment       0x0000000000000053       0x54 ./Core/Src/scheduler.o
 .comment       0x0000000000000053       0x54 ./Core/Src/software_timer.o
 .comment       0x0000000000000053       0x54 ./Core/Src/stm32f1xx_hal_msp.o
 .comment       0x0000000000000053       0x54 ./Core/Src/stm32f1xx_it.o
 .comment       0x0000000000000053       0x54 ./Core/Src/sysmem.o
 .comment       0x0000000000000053       0x54 ./Core/Src/system_stm32f1xx.o
 .comment       0x0000000000000053       0x54 ./Drivers/STM32F1xx_HAL_Driver/Src/stm32f1xx_hal.o
 .comment       0x0000000000000053       0x54 ./Drivers/STM32F1xx_HAL_Driver/Src/stm32f1xx_hal_cortex.o
 .comment       0x0000000000000053       0x54 ./Drivers/STM32F1xx_HAL_Driver/Src/stm32f1xx_hal_gpio.o
 .comment       0x0000000000000053       0x54 ./Drivers/STM32F1xx_HAL_Driver/Src/stm32f1xx_hal_rcc.o
 .comment       0x0000000000000053       0x54 ./Drivers/STM32F1xx_HAL_Driver/Src/stm32f1xx_hal_tim.o
 .comment       0x0000000000000053       0x54 ./Drivers/STM32F1xx_HAL_Driver/Src/stm32f1xx_hal_tim_ex.o
 .comment       0x0000000000000053       0x54 ./Drivers/STM32F1xx_HAL_Driver/Src/stm32f1xx_hal_uart.o

.debug_frame    0x0000000000000000     0x38d0
 .debug_frame   0x0000000000000000       0x84 ./Core/Src/button.o
 .debug_frame   0x0000000000000084       0x80 ./Core/Src/fsm_auto.o
 .debug_frame   0x0000000000000104       0x88 ./Core/Src/fsm_pedestrian.o
 .debug_frame   0x000000000000018c       0x48 ./Core/Src/fsm_tuning.o
 .debug_frame   0x00000000000001d4       0x54 ./Core/Src/global.o
 .debug_frame   0x0000000000000228      0x128 ./Core/Src/led_control.o
 .debug_frame   0x0000000000000350      0x114 ./Core/Src/main.o
 .debug_frame   0x0000000000000464       0xc4 ./Core/Src/scheduler.o
 .debug_frame   0x0000000000000528       0x7c ./Core/Src/software_timer.o
 .debug_frame   0x00000000000005a4       0xec ./Core/Src/stm32f1xx_hal_msp.o
 .debug_frame   0x0000000000000690      0x120 ./Core/Src/stm32f1xx_it.o
 .debug_frame   0x00000000000007b0       0x34 ./Core/Src/sysmem.o
 .debug_frame   0x00000000000007e4       0x58 ./Core/Src/system_stm32f1xx.o
 .debug_frame   0x000000000000083c      0x334 ./Drivers/STM32F1xx_HAL_Driver/Src/stm32f1xx_hal.o
 .debug_frame   0x0000000000000b70      0x428 ./Drivers/STM32F1xx_HAL_Driver/Src/stm32f1xx_hal_cortex.o
 .debug_frame   0x0000000000000f98      0x14c ./Drivers/STM32F1xx_HAL_Driver/Src/stm32f1xx_hal_gpio.o
 .debug_frame   0x00000000000010e4      0x218 ./Drivers/STM32F1xx_HAL_Driver/Src/stm32f1xx_hal_rcc.o
 .debug_frame   0x00000000000012fc     0x11bc ./Drivers/STM32F1xx_HAL_Driver/Src/stm32f1xx_hal_tim.o
 .debug_frame   0x00000000000024b8      0x638 ./Drivers/STM32F1xx_HAL_Driver/Src/stm32f1xx_hal_tim_ex.o
 .debug_frame   0x0000000000002af0      0x944 ./Drivers/STM32F1xx_HAL_Driver/Src/stm32f1xx_hal_uart.o
 .debug_frame   0x0000000000003434       0x20 c:/program files (x86)/st/stm32cubeide_1.7.0/stm32cubeide/plugins/com.st.stm32cube.ide.mcu.externaltools.gnu-tools-for-stm32.9-2020-q2-update.win32_2.0.0.202105311346/tools/bin/../lib/gcc/arm-none-eabi/9.3.1/../../../../arm-none-eabi/lib/thumb/v7-m/nofp\libc_nano.a(lib_a-errno.o)
 .debug_frame   0x0000000000003454       0x2c c:/program files (x86)/st/stm32cubeide_1.7.0/stm32cubeide/plugins/com.st.stm32cube.ide.mcu.externaltools.gnu-tools-for-stm32.9-2020-q2-update.win32_2.0.0.202105311346/tools/bin/../lib/gcc/arm-none-eabi/9.3.1/../../../../arm-none-eabi/lib/thumb/v7-m/nofp\libc_nano.a(lib_a-init.o)
 .debug_frame   0x0000000000003480       0x30 c:/program files (x86)/st/stm32cubeide_1.7.0/stm32cubeide/plugins/com.st.stm32cube.ide.mcu.externaltools.gnu-tools-for-stm32.9-2020-q2-update.win32_2.0.0.202105311346/tools/bin/../lib/gcc/arm-none-eabi/9.3.1/../../../../arm-none-eabi/lib/thumb/v7-m/nofp\libc_nano.a(lib_a-malloc.o)
 .debug_frame   0x00000000000034b0       0x20 c:/program files (x86)/st/stm32cubeide_1.7.0/stm32cubeide/plugins/com.st.stm32cube.ide.mcu.externaltools.gnu-tools-for-stm32.9-2020-q2-update.win32_2.0.0.202105311346/tools/bin/../lib/gcc/arm-none-eabi/9.3.1/../../../../arm-none-eabi/lib/thumb/v7-m/nofp\libc_nano.a(lib_a-memset.o)
 .debug_frame   0x00000000000034d0       0x38 c:/program files (x86)/st/stm32cubeide_1.7.0/stm32cubeide/plugins/com.st.stm32cube.ide.mcu.externaltools.gnu-tools-for-stm32.9-2020-q2-update.win32_2.0.0.202105311346/tools/bin/../lib/gcc/arm-none-eabi/9.3.1/../../../../arm-none-eabi/lib/thumb/v7-m/nofp\libc_nano.a(lib_a-nano-freer.o)
 .debug_frame   0x0000000000003508       0x30 c:/program files (x86)/st/stm32cubeide_1.7.0/stm32cubeide/plugins/com.st.stm32cube.ide.mcu.externaltools.gnu-tools-for-stm32.9-2020-q2-update.win32_2.0.0.202105311346/tools/bin/../lib/gcc/arm-none-eabi/9.3.1/../../../../arm-none-eabi/lib/thumb/v7-m/nofp\libc_nano.a(lib_a-nano-mallocr.o)
 .debug_frame   0x0000000000003538       0x2c c:/program files (x86)/st/stm32cubeide_1.7.0/stm32cubeide/plugins/com.st.stm32cube.ide.mcu.externaltools.gnu-tools-for-stm32.9-2020-q2-update.win32_2.0.0.202105311346/tools/bin/../lib/gcc/arm-none-eabi/9.3.1/../../../../arm-none-eabi/lib/thumb/v7-m/nofp\libc_nano.a(lib_a-sbrkr.o)
 .debug_frame   0x0000000000003564       0x6c c:/program files (x86)/st/stm32cubeide_1.7.0/stm32cubeide/plugins/com.st.stm32cube.ide.mcu.externaltools.gnu-tools-for-stm32.9-2020-q2-update.win32_2.0.0.202105311346/tools/bin/../lib/gcc/arm-none-eabi/9.3.1/../../../../arm-none-eabi/lib/thumb/v7-m/nofp\libc_nano.a(lib_a-sprintf.o)
 .debug_frame   0x00000000000035d0       0x30 c:/program files (x86)/st/stm32cubeide_1.7.0/stm32cubeide/plugins/com.st.stm32cube.ide.mcu.externaltools.gnu-tools-for-stm32.9-2020-q2-update.win32_2.0.0.202105311346/tools/bin/../lib/gcc/arm-none-eabi/9.3.1/../../../../arm-none-eabi/lib/thumb/v7-m/nofp\libc_nano.a(lib_a-mlock.o)
 .debug_frame   0x0000000000003600       0x90 c:/program files (x86)/st/stm32cubeide_1.7.0/stm32cubeide/plugins/com.st.stm32cube.ide.mcu.externaltools.gnu-tools-for-stm32.9-2020-q2-update.win32_2.0.0.202105311346/tools/bin/../lib/gcc/arm-none-eabi/9.3.1/../../../../arm-none-eabi/lib/thumb/v7-m/nofp\libc_nano.a(lib_a-nano-svfprintf.o)
 .debug_frame   0x0000000000003690       0x60 c:/program files (x86)/st/stm32cubeide_1.7.0/stm32cubeide/plugins/com.st.stm32cube.ide.mcu.externaltools.gnu-tools-for-stm32.9-2020-q2-update.win32_2.0.0.202105311346/tools/bin/../lib/gcc/arm-none-eabi/9.3.1/../../../../arm-none-eabi/lib/thumb/v7-m/nofp\libc_nano.a(lib_a-nano-vfprintf_i.o)
 .debug_frame   0x00000000000036f0       0x5c c:/program files (x86)/st/stm32cubeide_1.7.0/stm32cubeide/plugins/com.st.stm32cube.ide.mcu.externaltools.gnu-tools-for-stm32.9-2020-q2-update.win32_2.0.0.202105311346/tools/bin/../lib/gcc/arm-none-eabi/9.3.1/../../../../arm-none-eabi/lib/thumb/v7-m/nofp\libc_nano.a(lib_a-reent.o)
 .debug_frame   0x000000000000374c       0xb0 c:/program files (x86)/st/stm32cubeide_1.7.0/stm32cubeide/plugins/com.st.stm32cube.ide.mcu.externaltools.gnu-tools-for-stm32.9-2020-q2-update.win32_2.0.0.202105311346/tools/bin/../lib/gcc/arm-none-eabi/9.3.1/../../../../arm-none-eabi/lib/thumb/v7-m/nofp\libc_nano.a(lib_a-lock.o)
 .debug_frame   0x00000000000037fc       0x28 c:/program files (x86)/st/stm32cubeide_1.7.0/stm32cubeide/plugins/com.st.stm32cube.ide.mcu.externaltools.gnu-tools-for-stm32.9-2020-q2-update.win32_2.0.0.202105311346/tools/bin/../lib/gcc/arm-none-eabi/9.3.1/../../../../arm-none-eabi/lib/thumb/v7-m/nofp\libc_nano.a(lib_a-memchr-stub.o)
 .debug_frame   0x0000000000003824       0x28 c:/program files (x86)/st/stm32cubeide_1.7.0/stm32cubeide/plugins/com.st.stm32cube.ide.mcu.externaltools.gnu-tools-for-stm32.9-2020-q2-update.win32_2.0.0.202105311346/tools/bin/../lib/gcc/arm-none-eabi/9.3.1/../../../../arm-none-eabi/lib/thumb/v7-m/nofp\libc_nano.a(lib_a-memcpy-stub.o)
 .debug_frame   0x000000000000384c       0x28 c:/program files (x86)/st/stm32cubeide_1.7.0/stm32cubeide/plugins/com.st.stm32cube.ide.mcu.externaltools.gnu-tools-for-stm32.9-2020-q2-update.win32_2.0.0.202105311346/tools/bin/../lib/gcc/arm-none-eabi/9.3.1/../../../../arm-none-eabi/lib/thumb/v7-m/nofp\libc_nano.a(lib_a-memmove.o)
 .debug_frame   0x0000000000003874       0x3c c:/program files (x86)/st/stm32cubeide_1.7.0/stm32cubeide/plugins/com.st.stm32cube.ide.mcu.externaltools.gnu-tools-for-stm32.9-2020-q2-update.win32_2.0.0.202105311346/tools/bin/../lib/gcc/arm-none-eabi/9.3.1/../../../../arm-none-eabi/lib/thumb/v7-m/nofp\libc_nano.a(lib_a-nano-reallocr.o)
 .debug_frame   0x00000000000038b0       0x20 c:/program files (x86)/st/stm32cubeide_1.7.0/stm32cubeide/plugins/com.st.stm32cube.ide.mcu.externaltools.gnu-tools-for-stm32.9-2020-q2-update.win32_2.0.0.202105311346/tools/bin/../lib/gcc/arm-none-eabi/9.3.1/../../../../arm-none-eabi/lib/thumb/v7-m/nofp\libc_nano.a(lib_a-nano-msizer.o)
